Archive member included to satisfy reference by file (symbol)

c:/nxp/mcuxpressoide_11.4.0_6237/ide/plugins/com.nxp.mcuxpresso.tools.win32_11.4.0.202103011116/tools/bin/../lib/gcc/arm-none-eabi/10.2.1/../../../../arm-none-eabi/lib/thumb/v6-m/nofp\libcr_nohost_nf.a(__ciob.o)
                              ./source/modem.o (__Ciob)
c:/nxp/mcuxpressoide_11.4.0_6237/ide/plugins/com.nxp.mcuxpresso.tools.win32_11.4.0.202103011116/tools/bin/../lib/gcc/arm-none-eabi/10.2.1/../../../../arm-none-eabi/lib/thumb/v6-m/nofp\libcr_nohost_nf.a(_cr__main.o)
                              ./startup/startup_k32l2b31a.o (__main)
c:/nxp/mcuxpressoide_11.4.0_6237/ide/plugins/com.nxp.mcuxpresso.tools.win32_11.4.0.202103011116/tools/bin/../lib/gcc/arm-none-eabi/10.2.1/../../../../arm-none-eabi/lib/thumb/v6-m/nofp\libcr_nohost_nf.a(_cr_assert.o)
                              ./iot_sdk/iot_sdk_peripherals/sensor_de_luz.o (__assertion_failed)
c:/nxp/mcuxpressoide_11.4.0_6237/ide/plugins/com.nxp.mcuxpresso.tools.win32_11.4.0.202103011116/tools/bin/../lib/gcc/arm-none-eabi/10.2.1/../../../../arm-none-eabi/lib/thumb/v6-m/nofp\libcr_nohost_nf.a(__sys_appexit.o)
                              c:/nxp/mcuxpressoide_11.4.0_6237/ide/plugins/com.nxp.mcuxpresso.tools.win32_11.4.0.202103011116/tools/bin/../lib/gcc/arm-none-eabi/10.2.1/../../../../arm-none-eabi/lib/thumb/v6-m/nofp\libcr_nohost_nf.a(_cr_assert.o) (__sys_appexit)
c:/nxp/mcuxpressoide_11.4.0_6237/ide/plugins/com.nxp.mcuxpresso.tools.win32_11.4.0.202103011116/tools/bin/../lib/gcc/arm-none-eabi/10.2.1/../../../../arm-none-eabi/lib/thumb/v6-m/nofp\libcr_c.a(memcpy.o)
                              ./utilities/fsl_str.o (memcpy)
c:/nxp/mcuxpressoide_11.4.0_6237/ide/plugins/com.nxp.mcuxpresso.tools.win32_11.4.0.202103011116/tools/bin/../lib/gcc/arm-none-eabi/10.2.1/../../../../arm-none-eabi/lib/thumb/v6-m/nofp\libcr_c.a(memset.o)
                              ./utilities/fsl_debug_console.o (memset)
c:/nxp/mcuxpressoide_11.4.0_6237/ide/plugins/com.nxp.mcuxpresso.tools.win32_11.4.0.202103011116/tools/bin/../lib/gcc/arm-none-eabi/10.2.1/../../../../arm-none-eabi/lib/thumb/v6-m/nofp\libcr_c.a(_deferredlazyseek.o)
                              ./source/modem.o (__flsbuf)
c:/nxp/mcuxpressoide_11.4.0_6237/ide/plugins/com.nxp.mcuxpresso.tools.win32_11.4.0.202103011116/tools/bin/../lib/gcc/arm-none-eabi/10.2.1/../../../../arm-none-eabi/lib/thumb/v6-m/nofp\libcr_c.a(_fflush.o)
                              c:/nxp/mcuxpressoide_11.4.0_6237/ide/plugins/com.nxp.mcuxpresso.tools.win32_11.4.0.202103011116/tools/bin/../lib/gcc/arm-none-eabi/10.2.1/../../../../arm-none-eabi/lib/thumb/v6-m/nofp\libcr_c.a(_deferredlazyseek.o) (_fflush)
c:/nxp/mcuxpressoide_11.4.0_6237/ide/plugins/com.nxp.mcuxpresso.tools.win32_11.4.0.202103011116/tools/bin/../lib/gcc/arm-none-eabi/10.2.1/../../../../arm-none-eabi/lib/thumb/v6-m/nofp\libcr_c.a(_writebuf.o)
                              c:/nxp/mcuxpressoide_11.4.0_6237/ide/plugins/com.nxp.mcuxpresso.tools.win32_11.4.0.202103011116/tools/bin/../lib/gcc/arm-none-eabi/10.2.1/../../../../arm-none-eabi/lib/thumb/v6-m/nofp\libcr_c.a(_deferredlazyseek.o) (_Cwritebuf)
c:/nxp/mcuxpressoide_11.4.0_6237/ide/plugins/com.nxp.mcuxpresso.tools.win32_11.4.0.202103011116/tools/bin/../lib/gcc/arm-none-eabi/10.2.1/../../../../arm-none-eabi/lib/thumb/v6-m/nofp\libcr_c.a(alloc.o)
                              ./drivers/fsl_common.o (malloc)
c:/nxp/mcuxpressoide_11.4.0_6237/ide/plugins/com.nxp.mcuxpresso.tools.win32_11.4.0.202103011116/tools/bin/../lib/gcc/arm-none-eabi/10.2.1/../../../../arm-none-eabi/lib/thumb/v6-m/nofp\libcr_c.a(errno.o)
                              ./utilities/fsl_str.o (errno)
c:/nxp/mcuxpressoide_11.4.0_6237/ide/plugins/com.nxp.mcuxpresso.tools.win32_11.4.0.202103011116/tools/bin/../lib/gcc/arm-none-eabi/10.2.1/../../../../arm-none-eabi/lib/thumb/v6-m/nofp\libcr_c.a(fpprintf.o)
                              ./source/modem.o (printf)
c:/nxp/mcuxpressoide_11.4.0_6237/ide/plugins/com.nxp.mcuxpresso.tools.win32_11.4.0.202103011116/tools/bin/../lib/gcc/arm-none-eabi/10.2.1/../../../../arm-none-eabi/lib/thumb/v6-m/nofp\libcr_c.a(fputs.o)
                              c:/nxp/mcuxpressoide_11.4.0_6237/ide/plugins/com.nxp.mcuxpresso.tools.win32_11.4.0.202103011116/tools/bin/../lib/gcc/arm-none-eabi/10.2.1/../../../../arm-none-eabi/lib/thumb/v6-m/nofp\libcr_nohost_nf.a(_cr_assert.o) (fputs)
c:/nxp/mcuxpressoide_11.4.0_6237/ide/plugins/com.nxp.mcuxpresso.tools.win32_11.4.0.202103011116/tools/bin/../lib/gcc/arm-none-eabi/10.2.1/../../../../arm-none-eabi/lib/thumb/v6-m/nofp\libcr_c.a(fseek.o)
                              c:/nxp/mcuxpressoide_11.4.0_6237/ide/plugins/com.nxp.mcuxpresso.tools.win32_11.4.0.202103011116/tools/bin/../lib/gcc/arm-none-eabi/10.2.1/../../../../arm-none-eabi/lib/thumb/v6-m/nofp\libcr_c.a(_deferredlazyseek.o) (fseek)
[...]
Memory Configuration

Name             Origin             Length             Attributes
PROGRAM_FLASH    0x00000000         0x00040000         xr
SRAM             0x1fffe000         0x00008000         xrw
*default*        0x00000000         0xffffffff

Linker script and memory map

LOAD ./utilities/fsl_debug_console.o
LOAD ./utilities/fsl_str.o
LOAD ./startup/startup_k32l2b31a.o
LOAD ./source/K32L2B31A_Project.o
LOAD ./source/modem.o
LOAD ./source/mtb.o
LOAD ./source/semihost_hardfault.o
LOAD ./slcd/LCD-S401M16KR.o
LOAD ./slcd/slcd_engine.o
LOAD ./iot_sdk/iot_sdk_peripherals/botones.o
LOAD ./iot_sdk/iot_sdk_peripherals/leds.o
LOAD ./iot_sdk/iot_sdk_peripherals/sensor_de_luz.o
LOAD ./iot_sdk/iot_sdk_peripherals/sensor_temperatura.o
LOAD ./iot_sdk/iot_sdk_irq/irq_lptmr0.o
LOAD ./iot_sdk/iot_sdk_irq/irq_lpuart0.o
LOAD ./freertos/freertos_kernel/portable/MemMang/heap_4.o
LOAD ./freertos/freertos_kernel/portable/GCC/ARM_CM0/port.o
LOAD ./freertos/freertos_kernel/croutine.o
LOAD ./freertos/freertos_kernel/event_groups.o
LOAD ./freertos/freertos_kernel/list.o
LOAD ./freertos/freertos_kernel/queue.o
LOAD ./freertos/freertos_kernel/stream_buffer.o
LOAD ./freertos/freertos_kernel/tasks.o
LOAD ./freertos/freertos_kernel/timers.o
LOAD ./drivers/freertos/fsl_i2c_freertos.o
LOAD ./drivers/freertos/fsl_lpuart_freertos.o
LOAD ./drivers/freertos/fsl_spi_freertos.o
LOAD ./drivers/freertos/fsl_uart_freertos.o
LOAD ./drivers/fsl_adc16.o
LOAD ./drivers/fsl_clock.o
LOAD ./drivers/fsl_cmp.o
LOAD ./drivers/fsl_common.o
LOAD ./drivers/fsl_common_arm.o
LOAD ./drivers/fsl_cop.o
LOAD ./drivers/fsl_dac.o
LOAD ./drivers/fsl_dma.o
LOAD ./drivers/fsl_dmamux.o
LOAD ./drivers/fsl_flexio.o
LOAD ./drivers/fsl_flexio_i2c_master.o
LOAD ./drivers/fsl_flexio_i2s.o
LOAD ./drivers/fsl_flexio_i2s_dma.o
LOAD ./drivers/fsl_flexio_spi.o
LOAD ./drivers/fsl_flexio_spi_dma.o
LOAD ./drivers/fsl_flexio_uart.o
LOAD ./drivers/fsl_flexio_uart_dma.o
LOAD ./drivers/fsl_ftfx_cache.o
LOAD ./drivers/fsl_ftfx_controller.o
LOAD ./drivers/fsl_ftfx_flash.o
LOAD ./drivers/fsl_ftfx_flexnvm.o
LOAD ./drivers/fsl_gpio.o
LOAD ./drivers/fsl_i2c.o
LOAD ./drivers/fsl_i2c_dma.o
LOAD ./drivers/fsl_llwu.o
LOAD ./drivers/fsl_lptmr.o
LOAD ./drivers/fsl_lpuart.o
LOAD ./drivers/fsl_lpuart_dma.o
LOAD ./drivers/fsl_pit.o
LOAD ./drivers/fsl_pmc.o
LOAD ./drivers/fsl_rcm.o
LOAD ./drivers/fsl_rtc.o
LOAD ./drivers/fsl_sim.o
LOAD ./drivers/fsl_slcd.o
LOAD ./drivers/fsl_smc.o
LOAD ./drivers/fsl_spi.o
LOAD ./drivers/fsl_spi_dma.o
LOAD ./drivers/fsl_tpm.o
LOAD ./drivers/fsl_uart.o
LOAD ./drivers/fsl_uart_dma.o
LOAD ./drivers/fsl_vref.o
LOAD ./device/system_K32L2B31A.o
LOAD ./component/uart/fsl_adapter_lpuart.o
LOAD ./component/timer_manager/fsl_component_timer_manager.o
LOAD ./component/serial_manager/fsl_component_serial_manager.o
LOAD ./component/serial_manager/fsl_component_serial_port_uart.o
LOAD ./component/osa/fsl_os_abstraction_free_rtos.o
LOAD ./component/lists/fsl_component_generic_list.o
LOAD ./component/led/fsl_component_led.o
LOAD ./component/gpio/fsl_adapter_gpio.o
LOAD ./component/common_task/fsl_component_common_task.o
LOAD ./component/button/fsl_component_button.o
LOAD ./board/board.o
LOAD ./board/clock_config.o
LOAD ./board/peripherals.o
LOAD ./board/pin_mux.o
LOAD ./accel/fsl_fxos.o
START GROUP
LOAD c:/nxp/mcuxpressoide_11.4.0_6237/ide/plugins/com.nxp.mcuxpresso.tools.win32_11.4.0.202103011116/tools/bin/../lib/gcc/arm-none-eabi/10.2.1/../../../../arm-none-eabi/lib/thumb/v6-m/nofp\libcr_nohost_nf.a
LOAD c:/nxp/mcuxpressoide_11.4.0_6237/ide/plugins/com.nxp.mcuxpresso.tools.win32_11.4.0.202103011116/tools/bin/../lib/gcc/arm-none-eabi/10.2.1/../../../../arm-none-eabi/lib/thumb/v6-m/nofp\libcr_c.a
LOAD c:/nxp/mcuxpressoide_11.4.0_6237/ide/plugins/com.nxp.mcuxpresso.tools.win32_11.4.0.202103011116/tools/bin/../lib/gcc/arm-none-eabi/10.2.1/thumb/v6-m/nofp\libcr_eabihelpers.a
LOAD c:/nxp/mcuxpressoide_11.4.0_6237/ide/plugins/com.nxp.mcuxpresso.tools.win32_11.4.0.202103011116/tools/bin/../lib/gcc/arm-none-eabi/10.2.1/thumb/v6-m/nofp\libgcc.a
END GROUP
                0x00000000                __base_PROGRAM_FLASH = 0x0
                0x00000000                __base_Flash = 0x0
                0x00040000                __top_PROGRAM_FLASH = 0x40000
                0x00040000                __top_Flash = 0x40000
                0x1fffe000                __base_SRAM = 0x1fffe000
                0x1fffe000                __base_RAM = 0x1fffe000
                0x20006000                __top_SRAM = 0x20006000
                0x20006000                __top_RAM = 0x20006000

.text           0x00000000     0x6c20
 FILL mask 0xff
                0x00000000                __vectors_start__ = ABSOLUTE (.)
 *(SORT_BY_ALIGNMENT(.isr_vector))
 .isr_vector    0x00000000       0xc0 ./startup/startup_k32l2b31a.o
                0x00000000                g_pfnVectors
                0x00000000                __Vectors
                0x000000c0                . = ALIGN (0x4)
                0x000000c0                __section_table_start = .
                0x000000c0                __data_section_table = .
                0x000000c0        0x4 LONG 0x6c20 LOADADDR (.data)
                0x000000c4        0x4 LONG 0x1fffe080 ADDR (.data)
                0x000000c8        0x4 LONG 0x18 SIZEOF (.data)
                0x000000cc                __data_section_table_end = .
                0x000000cc                __bss_section_table = .
                0x000000cc        0x4 LONG 0x1fffe098 ADDR (.bss)
                0x000000d0        0x4 LONG 0x310 SIZEOF (.bss)
                0x000000d4                __bss_section_table_end = .
                0x000000d4                __section_table_end = .
 *(SORT_BY_ALIGNMENT(.after_vectors*))
 .after_vectors.reset
                0x000000d4       0x4c ./startup/startup_k32l2b31a.o
                0x000000d4                ResetISR
 .after_vectors.init_data
                0x00000120       0x12 ./startup/startup_k32l2b31a.o
                0x00000120                data_init
 .after_vectors.init_bss
                0x00000132       0x10 ./startup/startup_k32l2b31a.o
                0x00000132                bss_init
 .after_vectors
                0x00000142      0x10c ./startup/startup_k32l2b31a.o
                0x00000142                NMI_Handler
                0x0000014c                Reserved39_DriverIRQHandler
                0x0000014c                Reserved43_DriverIRQHandler
                0x0000014c                Reserved42_DriverIRQHandler
                0x0000014c                LPTMR0_DriverIRQHandler
                0x0000014c                PORTC_PORTD_DriverIRQHandler
                0x0000014c                PIT_DriverIRQHandler
                0x0000014c                PMC_DriverIRQHandler
                0x0000014c                CMP0_DriverIRQHandler
                0x0000014c                ADC0_DriverIRQHandler
                0x0000014c                TPM2_DriverIRQHandler
                0x0000014c                DAC0_DriverIRQHandler
                0x0000014c                LCD_DriverIRQHandler
                0x0000014c                RTC_Seconds_DriverIRQHandler
                0x0000014c                LLWU_DriverIRQHandler
                0x0000014c                RTC_DriverIRQHandler
                0x0000014c                TPM1_DriverIRQHandler
                0x0000014c                PORTA_DriverIRQHandler
                0x0000014c                Reserved20_DriverIRQHandler
                0x0000014c                FTFA_DriverIRQHandler
                0x0000014c                IntDefaultHandler
                0x0000014c                USB0_DriverIRQHandler
                0x0000014c                TPM0_DriverIRQHandler
                0x0000014e                DMA0_IRQHandler
                0x00000156                DMA1_IRQHandler
                0x0000015e                DMA2_IRQHandler
                0x00000166                DMA3_IRQHandler
                0x0000016e                Reserved20_IRQHandler
                0x00000176                FTFA_IRQHandler
                0x0000017e                PMC_IRQHandler
                0x00000186                LLWU_IRQHandler
                0x0000018e                I2C0_IRQHandler
                0x00000196                I2C1_IRQHandler
                0x0000019e                SPI0_IRQHandler
                0x000001a6                SPI1_IRQHandler
                0x000001b6                LPUART1_IRQHandler
                0x000001be                UART2_FLEXIO_IRQHandler
                0x000001c6                ADC0_IRQHandler
                0x000001ce                CMP0_IRQHandler
                0x000001d6                TPM0_IRQHandler
                0x000001de                TPM1_IRQHandler
                0x000001e6                TPM2_IRQHandler
                0x000001ee                RTC_IRQHandler
                0x000001f6                RTC_Seconds_IRQHandler
                0x000001fe                PIT_IRQHandler
                0x00000206                Reserved39_IRQHandler
                0x0000020e                USB0_IRQHandler
                0x00000216                DAC0_IRQHandler
                0x0000021e                Reserved42_IRQHandler
                0x00000226                Reserved43_IRQHandler
                0x00000236                LCD_IRQHandler
                0x00000400                . = 0x400
 *fill*         0x0000024e      0x1b2 ff
                0x00000400                PROVIDE (__FLASH_CONFIG_START__ = .)
 *(SORT_BY_ALIGNMENT(.FlashConfig))
 .FlashConfig   0x00000400       0x10 ./startup/startup_k32l2b31a.o
                0x00000400                Flash_Config
                0x00000410                PROVIDE (__FLASH_CONFIG_END__ = .)
                0x00000001                ASSERT (! ((__FLASH_CONFIG_START__ == __FLASH_CONFIG_END__)), Linker Flash Config Support Enabled, but no .FlashConfig section provided within application)
 *(SORT_BY_ALIGNMENT(.text*))
 .text.PendSV_Handler
                0x00000410       0x48 ./freertos/freertos_kernel/portable/GCC/ARM_CM0/port.o
                0x00000410                PendSV_Handler
 .text.DbgConsole_SendDataReliable
                0x00000458       0x5c ./utilities/fsl_debug_console.o
                0x00000458                DbgConsole_SendDataReliable
 .text.DbgConsole_Init
                0x000004b4      0x178 ./utilities/fsl_debug_console.o
                0x000004b4                DbgConsole_Init
 .text.Alarma_Init
                0x0000062c       0x1c ./source/K32L2B31A_Project.o
                0x0000062c                Alarma_Init
 .text.Alarma_Set
                0x00000648       0x28 ./source/K32L2B31A_Project.o
                0x00000648                Alarma_Set
 .text.Alarma_Elapsed
                0x00000670       0x30 ./source/K32L2B31A_Project.o
                0x00000670                Alarma_Elapsed
 .text.main     0x000006a0       0x3c ./source/K32L2B31A_Project.o
                0x000006a0                main
 .text.limpiarBufferComando
                0x000006dc       0x38 ./source/modem.o
                0x000006dc                limpiarBufferComando
 .text.Modem_Init
                0x00000714       0x14 ./source/modem.o
                0x00000714                Modem_Init
 .text.Modem_Task_Run
                0x00000728      0x28c ./source/modem.o
                0x00000728                Modem_Task_Run
 .text.Test_Rta_Modem
                0x000009b4       0x30 ./source/modem.o
                0x000009b4                Test_Rta_Modem
 .text.Respuesta_Modem
                0x000009e4       0x80 ./source/modem.o
                0x000009e4                Respuesta_Modem
 .text.Modem_Rta_Cmd
                0x00000a64       0x80 ./source/modem.o
                0x00000a64                Modem_Rta_Cmd
 .text.Modem_Rta_Run
                0x00000ae4       0x5c ./source/modem.o
                0x00000ae4                Modem_Rta_Run
 .text.Modem_Check_URC_Run
                0x00000b40       0x5c ./source/modem.o
                0x00000b40                Modem_Check_URC_Run
 .text.Recibido_URC
                0x00000b9c       0x3c ./source/modem.o
                0x00000b9c                Recibido_URC
 .text.HardFault_Handler
                0x00000bd8       0x30 ./source/semihost_hardfault.o
                0x00000bd8                HardFault_Handler
 .text.boton1LeerEstado
                0x00000c08       0x38 ./iot_sdk/iot_sdk_peripherals/botones.o
                0x00000c08                boton1LeerEstado
 .text.boton2LeerEstado
                0x00000c40       0x38 ./iot_sdk/iot_sdk_peripherals/botones.o
                0x00000c40                boton2LeerEstado
 .text.Boton1_Presionado
                0x00000c78       0x18 ./iot_sdk/iot_sdk_peripherals/botones.o
                0x00000c78                Boton1_Presionado
 .text.Key_Task_Init
                0x00000c90       0x20 ./iot_sdk/iot_sdk_peripherals/botones.o
                0x00000c90                Key_Task_Init
 .text.Key_Task_Run
                0x00000cb0       0x2c ./iot_sdk/iot_sdk_peripherals/botones.o
                0x00000cb0                Key_Task_Run
 .text.encender_led_verde
                0x00000cdc       0x1c ./iot_sdk/iot_sdk_peripherals/leds.o
                0x00000cdc                encender_led_verde
 .text.apagar_led_verde
                0x00000cf8       0x1c ./iot_sdk/iot_sdk_peripherals/leds.o
                0x00000cf8                apagar_led_verde
 .text.toggle_led_rojo
                0x00000d14       0x1c ./iot_sdk/iot_sdk_peripherals/leds.o
                0x00000d14                toggle_led_rojo
 .text.ADC16_GetChannelConversionValue
                0x00000d30       0x30 ./iot_sdk/iot_sdk_peripherals/sensor_de_luz.o
 .text.sensorDeLuzIniciarCaptura
                0x00000d60       0x20 ./iot_sdk/iot_sdk_peripherals/sensor_de_luz.o
                0x00000d60                sensorDeLuzIniciarCaptura
 .text.sensorDeLuzEsperarResultado
                0x00000d80       0x24 ./iot_sdk/iot_sdk_peripherals/sensor_de_luz.o
                0x00000d80                sensorDeLuzEsperarResultado
 .text.sensorDeLuzObtenerdatoADC
                0x00000da4       0x8c ./iot_sdk/iot_sdk_peripherals/sensor_de_luz.o
                0x00000da4                sensorDeLuzObtenerdatoADC
 .text.SensorLuz_Task_Run
                0x00000e30       0x20 ./iot_sdk/iot_sdk_peripherals/sensor_de_luz.o
                0x00000e30                SensorLuz_Task_Run
 .text.ADC16_GetChannelConversionValue
                0x00000e50       0x30 ./iot_sdk/iot_sdk_peripherals/sensor_temperatura.o
 .text.sensorTemperaturaIniciarCaptura
                0x00000e80       0x20 ./iot_sdk/iot_sdk_peripherals/sensor_temperatura.o
                0x00000e80                sensorTemperaturaIniciarCaptura
 .text.sensorTemperaturaEsperarResultado
                0x00000ea0       0x24 ./iot_sdk/iot_sdk_peripherals/sensor_temperatura.o
                0x00000ea0                sensorTemperaturaEsperarResultado
 .text.sensorTemperaturaObtenerDatoCelsius
                0x00000ec4       0xc0 ./iot_sdk/iot_sdk_peripherals/sensor_temperatura.o
                0x00000ec4                sensorTemperaturaObtenerDatoCelsius
 .text.Sensortemp_Task_Run
                0x00000f84       0x20 ./iot_sdk/iot_sdk_peripherals/sensor_temperatura.o
                0x00000f84                Sensortemp_Task_Run
 .text.LPTMR0_IRQHandler
                0x00000fa4       0x3c ./iot_sdk/iot_sdk_irq/irq_lptmr0.o
                0x00000fa4                LPTMR0_IRQHandler
 .text.LPUART0_IRQHandler
                0x00000fe0       0x40 ./iot_sdk/iot_sdk_irq/irq_lpuart0.o
                0x00000fe0                LPUART0_IRQHandler
 .text.pushNuevoByteEnBufferCircular
                0x00001020       0x64 ./iot_sdk/iot_sdk_irq/irq_lpuart0.o
                0x00001020                pushNuevoByteEnBufferCircular
 .text.pullByteDesdeBufferCircular
                0x00001084       0x54 ./iot_sdk/iot_sdk_irq/irq_lpuart0.o
                0x00001084                pullByteDesdeBufferCircular
 .text.numeroDeBytesDisponiblesEnBufferRx
                0x000010d8       0x1c ./iot_sdk/iot_sdk_irq/irq_lpuart0.o
                0x000010d8                numeroDeBytesDisponiblesEnBufferRx
 .text.vPortYield
                0x000010f4       0x20 ./freertos/freertos_kernel/portable/GCC/ARM_CM0/port.o
                0x000010f4                vPortYield
 .text.vPortEnterCritical
                0x00001114       0x24 ./freertos/freertos_kernel/portable/GCC/ARM_CM0/port.o
                0x00001114                vPortEnterCritical
 .text.vPortExitCritical
                0x00001138       0x30 ./freertos/freertos_kernel/portable/GCC/ARM_CM0/port.o
                0x00001138                vPortExitCritical
 .text.SysTick_Handler
                0x00001168       0x34 ./freertos/freertos_kernel/portable/GCC/ARM_CM0/port.o
                0x00001168                SysTick_Handler
 .text.xTaskIncrementTick
                0x0000119c      0x144 ./freertos/freertos_kernel/tasks.o
                0x0000119c                xTaskIncrementTick
 .text.vTaskSwitchContext
                0x000012e0       0xa4 ./freertos/freertos_kernel/tasks.o
                0x000012e0                vTaskSwitchContext
 .text.prvResetNextTaskUnblockTime
                0x00001384       0x34 ./freertos/freertos_kernel/tasks.o
 .text.xTaskGenericNotify
                0x000013b8      0x188 ./freertos/freertos_kernel/tasks.o
                0x000013b8                xTaskGenericNotify
 .text.xTaskGenericNotifyFromISR
                0x00001540      0x1c4 ./freertos/freertos_kernel/tasks.o
                0x00001540                xTaskGenericNotifyFromISR
 .text.CLOCK_EnableClock
                0x00001704       0x34 ./drivers/fsl_adc16.o
 .text.ADC16_GetInstance
                0x00001738       0x48 ./drivers/fsl_adc16.o
 .text.ADC16_Init
                0x00001780      0x120 ./drivers/fsl_adc16.o
                0x00001780                ADC16_Init
 .text.ADC16_SetChannelConfig
                0x000018a0       0x6c ./drivers/fsl_adc16.o
                0x000018a0                ADC16_SetChannelConfig
 .text.ADC16_GetChannelStatusFlags
                0x0000190c       0x40 ./drivers/fsl_adc16.o
                0x0000190c                ADC16_GetChannelStatusFlags
 .text.CLOCK_SetEr32kClock
                0x0000194c       0x34 ./drivers/fsl_clock.o
 .text.CLOCK_GetLircClkFreq
                0x00001980       0x50 ./drivers/fsl_clock.o
 .text.CLOCK_GetOsc0ErClkFreq
                0x000019d0       0x44 ./drivers/fsl_clock.o
                0x000019d0                CLOCK_GetOsc0ErClkFreq
 .text.CLOCK_GetEr32kClkFreq
                0x00001a14       0x78 ./drivers/fsl_clock.o
                0x00001a14                CLOCK_GetEr32kClkFreq
 .text.CLOCK_GetFreq
                0x00001a8c       0xc0 ./drivers/fsl_clock.o
                0x00001a8c                CLOCK_GetFreq
 .text.CLOCK_SetSimConfig
                0x00001b4c       0x2c ./drivers/fsl_clock.o
                0x00001b4c                CLOCK_SetSimConfig
 .text.CLOCK_GetInternalRefClkFreq
                0x00001b78       0x48 ./drivers/fsl_clock.o
                0x00001b78                CLOCK_GetInternalRefClkFreq
 .text.CLOCK_GetPeriphClkFreq
                0x00001bc0       0x3c ./drivers/fsl_clock.o
                0x00001bc0                CLOCK_GetPeriphClkFreq
 .text.CLOCK_GetOutClkFreq
                0x00001bfc       0x7c ./drivers/fsl_clock.o
                0x00001bfc                CLOCK_GetOutClkFreq
 .text.CLOCK_SetMcgliteConfig
                0x00001c78      0x110 ./drivers/fsl_clock.o
                0x00001c78                CLOCK_SetMcgliteConfig
 .text.DMA_ClearChannelStatusFlags
                0x00001d88       0x54 ./drivers/fsl_dma.o
 .text.DMA_HandleIRQ
                0x00001ddc       0x4c ./drivers/fsl_dma.o
                0x00001ddc                DMA_HandleIRQ
 .text.DMA0_DriverIRQHandler
                0x00001e28       0x18 ./drivers/fsl_dma.o
                0x00001e28                DMA0_DriverIRQHandler
 .text.DMA1_DriverIRQHandler
                0x00001e40       0x18 ./drivers/fsl_dma.o
                0x00001e40                DMA1_DriverIRQHandler
 .text.DMA2_DriverIRQHandler
                0x00001e58       0x18 ./drivers/fsl_dma.o
                0x00001e58                DMA2_DriverIRQHandler
 .text.DMA3_DriverIRQHandler
                0x00001e70       0x18 ./drivers/fsl_dma.o
                0x00001e70                DMA3_DriverIRQHandler
 .text.FLEXIO_CommonIRQHandler
                0x00001e88       0x68 ./drivers/fsl_flexio.o
 .text.GPIO_GetInstance
                0x00001ef0       0x4c ./drivers/fsl_gpio.o
 .text.GPIO_PinInit
                0x00001f3c       0x64 ./drivers/fsl_gpio.o
                0x00001f3c                GPIO_PinInit
 .text.GPIO_PortGetInterruptFlags
                0x00001fa0       0x38 ./drivers/fsl_gpio.o
                0x00001fa0                GPIO_PortGetInterruptFlags
 .text.GPIO_PortClearInterruptFlags
                0x00001fd8       0x3c ./drivers/fsl_gpio.o
                0x00001fd8                GPIO_PortClearInterruptFlags
 .text.I2C_TransferCommonIRQHandler
                0x00002014       0x64 ./drivers/fsl_i2c.o
 .text.I2C0_DriverIRQHandler
                0x00002078       0x20 ./drivers/fsl_i2c.o
                0x00002078                I2C0_DriverIRQHandler
 .text.I2C1_DriverIRQHandler
                0x00002098       0x20 ./drivers/fsl_i2c.o
                0x00002098                I2C1_DriverIRQHandler
 .text.CLOCK_EnableClock
                0x000020b8       0x34 ./drivers/fsl_lptmr.o
 .text.LPTMR_GetInstance
                0x000020ec       0x48 ./drivers/fsl_lptmr.o
 .text.LPTMR_Init
                0x00002134       0x94 ./drivers/fsl_lptmr.o
                0x00002134                LPTMR_Init
 .text.CLOCK_EnableClock
                0x000021c8       0x34 ./drivers/fsl_lpuart.o
 .text.LPUART_GetInstance
                0x000021fc       0x4c ./drivers/fsl_lpuart.o
                0x000021fc                LPUART_GetInstance
 .text.LPUART_Init
                0x00002248      0x2bc ./drivers/fsl_lpuart.o
                0x00002248                LPUART_Init
 .text.LPUART_GetDefaultConfig
                0x00002504       0x68 ./drivers/fsl_lpuart.o
                0x00002504                LPUART_GetDefaultConfig
 .text.LPUART_EnableInterrupts
                0x0000256c       0x68 ./drivers/fsl_lpuart.o
                0x0000256c                LPUART_EnableInterrupts
 .text.LPUART_GetStatusFlags
                0x000025d4       0x24 ./drivers/fsl_lpuart.o
                0x000025d4                LPUART_GetStatusFlags
 .text.LPUART_WriteBlocking
                0x000025f8       0x6c ./drivers/fsl_lpuart.o
                0x000025f8                LPUART_WriteBlocking
 .text.LPUART0_DriverIRQHandler
                0x00002664       0x24 ./drivers/fsl_lpuart.o
                0x00002664                LPUART0_DriverIRQHandler
 .text.LPUART1_DriverIRQHandler
                0x00002688       0x24 ./drivers/fsl_lpuart.o
                0x00002688                LPUART1_DriverIRQHandler
 .text.SPI_CommonIRQHandler
                0x000026ac       0x54 ./drivers/fsl_spi.o
 .text.SPI0_DriverIRQHandler
                0x00002700       0x30 ./drivers/fsl_spi.o
                0x00002700                SPI0_DriverIRQHandler
 .text.SPI1_DriverIRQHandler
                0x00002730       0x30 ./drivers/fsl_spi.o
                0x00002730                SPI1_DriverIRQHandler
 .text.SystemInit
                0x00002760       0x40 ./device/system_K32L2B31A.o
                0x00002760                SystemInit
 .text.HAL_UartGetStatus
                0x000027a0       0x34 ./component/uart/fsl_adapter_lpuart.o
 .text.HAL_UartInitCommon
                0x000027d4       0xa0 ./component/uart/fsl_adapter_lpuart.o
 .text.HAL_UartInit
                0x00002874       0x98 ./component/uart/fsl_adapter_lpuart.o
                0x00002874                HAL_UartInit
 .text.HAL_UartSendBlocking
                0x0000290c       0x6c ./component/uart/fsl_adapter_lpuart.o
                0x0000290c                HAL_UartSendBlocking
 .text.SerialManager_StartWriting
                0x00002978       0x44 ./component/serial_manager/fsl_component_serial_manager.o
 .text.SerialManager_Init
                0x000029bc       0x70 ./component/serial_manager/fsl_component_serial_manager.o
                0x000029bc                SerialManager_Init
 .text.SerialManager_OpenReadHandle
                0x00002a2c       0x74 ./component/serial_manager/fsl_component_serial_manager.o
                0x00002a2c                SerialManager_OpenReadHandle
 .text.HAL_GpioInterruptHandle
                0x00002aa0      0x104 ./component/gpio/fsl_adapter_gpio.o
 .text.__NVIC_DisableIRQ
                0x00002ba4       0x44 ./board/board.o
 .text.__NVIC_ClearPendingIRQ
                0x00002be8       0x38 ./board/board.o
 .text.CLOCK_SetLpuart0Clock
                0x00002c20       0x38 ./board/board.o
 .text.CLOCK_SetLpuart0Clock
                0x00002c58       0x38 ./board/clock_config.o
 .text.CLOCK_SetSimSafeDivs
                0x00002c90       0x20 ./board/clock_config.o
 .text.BOARD_BootClockRUN
                0x00002cb0       0x3c ./board/clock_config.o
                0x00002cb0                BOARD_BootClockRUN
 .text.__NVIC_EnableIRQ
                0x00002cec       0x34 ./board/peripherals.o
 .text.LPTMR_SetTimerPeriod
                0x00002d20       0x30 ./board/peripherals.o
 .text.ADC0_init
                0x00002d50       0x34 ./board/peripherals.o
 .text.LPTMR0_init
                0x00002d84       0x3c ./board/peripherals.o
 .text.LPUART0_init
                0x00002dc0       0x38 ./board/peripherals.o
 .text.CLOCK_EnableClock
                0x00002df8       0x34 ./board/pin_mux.o
 .text.PORT_SetPinConfig
                0x00002e2c       0x38 ./board/pin_mux.o
 .text.PORT_SetPinMux
                0x00002e64       0x40 ./board/pin_mux.o
 .text.BOARD_InitBUTTONSPins
                0x00002ea4       0xc4 ./board/pin_mux.o
                0x00002ea4                BOARD_InitBUTTONSPins
 .text.BOARD_InitLEDsPins
                0x00002f68       0xc0 ./board/pin_mux.o
                0x00002f68                BOARD_InitLEDsPins
 .text.BOARD_InitDEBUG_UARTPins
                0x00003028       0x4c ./board/pin_mux.o
                0x00003028                BOARD_InitDEBUG_UARTPins
 .text.BOARD_InitADCPins
                0x00003074       0x28 ./board/pin_mux.o
                0x00003074                BOARD_InitADCPins
 .text.__assertion_failed
                0x0000309c       0x4c c:/nxp/mcuxpressoide_11.4.0_6237/ide/plugins/com.nxp.mcuxpresso.tools.win32_11.4.0.202103011116/tools/bin/../lib/gcc/arm-none-eabi/10.2.1/../../../../arm-none-eabi/lib/thumb/v6-m/nofp\libcr_nohost_nf.a(_cr_assert.o)
                0x0000309c                __assertion_failed
 .text._deferredlazyseek
                0x000030e8       0x40 c:/nxp/mcuxpressoide_11.4.0_6237/ide/plugins/com.nxp.mcuxpresso.tools.win32_11.4.0.202103011116/tools/bin/../lib/gcc/arm-none-eabi/10.2.1/../../../../arm-none-eabi/lib/thumb/v6-m/nofp\libcr_c.a(_deferredlazyseek.o)
                0x000030e8                _deferredlazyseek
 .text.__flsbuf
                0x00003128      0x150 c:/nxp/mcuxpressoide_11.4.0_6237/ide/plugins/com.nxp.mcuxpresso.tools.win32_11.4.0.202103011116/tools/bin/../lib/gcc/arm-none-eabi/10.2.1/../../../../arm-none-eabi/lib/thumb/v6-m/nofp\libcr_c.a(_deferredlazyseek.o)
                0x00003128                __flsbuf
 .text._fflush  0x00003278       0x60 c:/nxp/mcuxpressoide_11.4.0_6237/ide/plugins/com.nxp.mcuxpresso.tools.win32_11.4.0.202103011116/tools/bin/../lib/gcc/arm-none-eabi/10.2.1/../../../../arm-none-eabi/lib/thumb/v6-m/nofp\libcr_c.a(_fflush.o)
                0x00003278                _fflush
 .text._Cwritebuf
                0x000032d8       0x68 c:/nxp/mcuxpressoide_11.4.0_6237/ide/plugins/com.nxp.mcuxpresso.tools.win32_11.4.0.202103011116/tools/bin/../lib/gcc/arm-none-eabi/10.2.1/../../../../arm-none-eabi/lib/thumb/v6-m/nofp\libcr_c.a(_writebuf.o)
                0x000032d8                _Cwritebuf
 .text.malloc   0x00003340       0xd0 c:/nxp/mcuxpressoide_11.4.0_6237/ide/plugins/com.nxp.mcuxpresso.tools.win32_11.4.0.202103011116/tools/bin/../lib/gcc/arm-none-eabi/10.2.1/../../../../arm-none-eabi/lib/thumb/v6-m/nofp\libcr_c.a(alloc.o)
                0x00003340                malloc
 .text._Csys_alloc
                0x00003410       0x20 c:/nxp/mcuxpressoide_11.4.0_6237/ide/plugins/com.nxp.mcuxpresso.tools.win32_11.4.0.202103011116/tools/bin/../lib/gcc/arm-none-eabi/10.2.1/../../../../arm-none-eabi/lib/thumb/v6-m/nofp\libcr_c.a(alloc.o)
                0x00003410                _Csys_alloc
 .text.sprintf  0x00003430       0x6c c:/nxp/mcuxpressoide_11.4.0_6237/ide/plugins/com.nxp.mcuxpresso.tools.win32_11.4.0.202103011116/tools/bin/../lib/gcc/arm-none-eabi/10.2.1/../../../../arm-none-eabi/lib/thumb/v6-m/nofp\libcr_c.a(fpprintf.o)
                0x00003430                sprintf
 .text.fp_display
                0x0000349c      0x97c c:/nxp/mcuxpressoide_11.4.0_6237/ide/plugins/com.nxp.mcuxpresso.tools.win32_11.4.0.202103011116/tools/bin/../lib/gcc/arm-none-eabi/10.2.1/../../../../arm-none-eabi/lib/thumb/v6-m/nofp\libcr_c.a(fpprintf.o)
 .text.vsnprintf
                0x00003e18       0x70 c:/nxp/mcuxpressoide_11.4.0_6237/ide/plugins/com.nxp.mcuxpresso.tools.win32_11.4.0.202103011116/tools/bin/../lib/gcc/arm-none-eabi/10.2.1/../../../../arm-none-eabi/lib/thumb/v6-m/nofp\libcr_c.a(fpprintf.o)
                0x00003e18                vsnprintf
 .text.printf   0x00003e88       0x50 c:/nxp/mcuxpressoide_11.4.0_6237/ide/plugins/com.nxp.mcuxpresso.tools.win32_11.4.0.202103011116/tools/bin/../lib/gcc/arm-none-eabi/10.2.1/../../../../arm-none-eabi/lib/thumb/v6-m/nofp\libcr_c.a(fpprintf.o)
                0x00003e88                printf
 .text.fseek    0x00003ed8       0xf0 c:/nxp/mcuxpressoide_11.4.0_6237/ide/plugins/com.nxp.mcuxpresso.tools.win32_11.4.0.202103011116/tools/bin/../lib/gcc/arm-none-eabi/10.2.1/../../../../arm-none-eabi/lib/thumb/v6-m/nofp\libcr_c.a(fseek.o)
                0x00003ed8                fseek
 .text.ftell    0x00003fc8       0x48 c:/nxp/mcuxpressoide_11.4.0_6237/ide/plugins/com.nxp.mcuxpresso.tools.win32_11.4.0.202103011116/tools/bin/../lib/gcc/arm-none-eabi/10.2.1/../../../../arm-none-eabi/lib/thumb/v6-m/nofp\libcr_c.a(ftell.o)
                0x00003fc8                ftell
 .text._initio  0x00004010       0x7c c:/nxp/mcuxpressoide_11.4.0_6237/ide/plugins/com.nxp.mcuxpresso.tools.win32_11.4.0.202103011116/tools/bin/../lib/gcc/arm-none-eabi/10.2.1/../../../../arm-none-eabi/lib/thumb/v6-m/nofp\libcr_c.a(initio.o)
                0x00004010                _initio
 .text.__vfprintf
                0x0000408c      0xd40 c:/nxp/mcuxpressoide_11.4.0_6237/ide/plugins/com.nxp.mcuxpresso.tools.win32_11.4.0.202103011116/tools/bin/../lib/gcc/arm-none-eabi/10.2.1/../../../../arm-none-eabi/lib/thumb/v6-m/nofp\libcr_c.a(printf.o)
                0x0000408c                __vfprintf
 .text.setvbuf  0x00004dcc       0x4c c:/nxp/mcuxpressoide_11.4.0_6237/ide/plugins/com.nxp.mcuxpresso.tools.win32_11.4.0.202103011116/tools/bin/../lib/gcc/arm-none-eabi/10.2.1/../../../../arm-none-eabi/lib/thumb/v6-m/nofp\libcr_c.a(setvbuf.o)
                0x00004dcc                setvbuf
 .text.strcpy   0x00004e18       0x44 c:/nxp/mcuxpressoide_11.4.0_6237/ide/plugins/com.nxp.mcuxpresso.tools.win32_11.4.0.202103011116/tools/bin/../lib/gcc/arm-none-eabi/10.2.1/../../../../arm-none-eabi/lib/thumb/v6-m/nofp\libcr_c.a(strcpy.o)
                0x00004e18                strcpy
 .text.strlen   0x00004e5c       0x58 c:/nxp/mcuxpressoide_11.4.0_6237/ide/plugins/com.nxp.mcuxpresso.tools.win32_11.4.0.202103011116/tools/bin/../lib/gcc/arm-none-eabi/10.2.1/../../../../arm-none-eabi/lib/thumb/v6-m/nofp\libcr_c.a(strlen.o)
                0x00004e5c                strlen
 .text._sbrk    0x00004eb4       0x44 c:/nxp/mcuxpressoide_11.4.0_6237/ide/plugins/com.nxp.mcuxpresso.tools.win32_11.4.0.202103011116/tools/bin/../lib/gcc/arm-none-eabi/10.2.1/../../../../arm-none-eabi/lib/thumb/v6-m/nofp\libcr_c.a(_cr_sbrk.o)
                0x00004eb4                _sbrk
 .text._fdopen  0x00004ef8       0x74 c:/nxp/mcuxpressoide_11.4.0_6237/ide/plugins/com.nxp.mcuxpresso.tools.win32_11.4.0.202103011116/tools/bin/../lib/gcc/arm-none-eabi/10.2.1/../../../../arm-none-eabi/lib/thumb/v6-m/nofp\libcr_c.a(_fdopen.o)
                0x00004ef8                _fdopen
 .text._frexpl  0x00004f6c       0x80 c:/nxp/mcuxpressoide_11.4.0_6237/ide/plugins/com.nxp.mcuxpresso.tools.win32_11.4.0.202103011116/tools/bin/../lib/gcc/arm-none-eabi/10.2.1/../../../../arm-none-eabi/lib/thumb/v6-m/nofp\libcr_c.a(_frexpl.o)
                0x00004f6c                _frexpl
 .text._ldexpl  0x00004fec       0x58 c:/nxp/mcuxpressoide_11.4.0_6237/ide/plugins/com.nxp.mcuxpresso.tools.win32_11.4.0.202103011116/tools/bin/../lib/gcc/arm-none-eabi/10.2.1/../../../../arm-none-eabi/lib/thumb/v6-m/nofp\libcr_c.a(_ldexpl.o)
                0x00004fec                _ldexpl
 .text.fclose   0x00005044       0x5c c:/nxp/mcuxpressoide_11.4.0_6237/ide/plugins/com.nxp.mcuxpresso.tools.win32_11.4.0.202103011116/tools/bin/../lib/gcc/arm-none-eabi/10.2.1/../../../../arm-none-eabi/lib/thumb/v6-m/nofp\libcr_c.a(fclose.o)
                0x00005044                fclose
 .text.fflush   0x000050a0       0x44 c:/nxp/mcuxpressoide_11.4.0_6237/ide/plugins/com.nxp.mcuxpresso.tools.win32_11.4.0.202103011116/tools/bin/../lib/gcc/arm-none-eabi/10.2.1/../../../../arm-none-eabi/lib/thumb/v6-m/nofp\libcr_c.a(fflush.o)
                0x000050a0                fflush
 .text.__check_heap_overflow
                0x000050e4       0x18 c:/nxp/mcuxpressoide_11.4.0_6237/ide/plugins/com.nxp.mcuxpresso.tools.win32_11.4.0.202103011116/tools/bin/../lib/gcc/arm-none-eabi/10.2.1/../../../../arm-none-eabi/lib/thumb/v6-m/nofp\libcr_c.a(_cr_check_heap.o)
                0x000050e4                __check_heap_overflow
 .text._do_fflush
                0x000050fc       0x48 c:/nxp/mcuxpressoide_11.4.0_6237/ide/plugins/com.nxp.mcuxpresso.tools.win32_11.4.0.202103011116/tools/bin/../lib/gcc/arm-none-eabi/10.2.1/../../../../arm-none-eabi/lib/thumb/v6-m/nofp\libcr_c.a(_do_fflush.o)
                0x000050fc                _do_fflush
 .text.__aeabi_dmul
                0x00005144      0x184 c:/nxp/mcuxpressoide_11.4.0_6237/ide/plugins/com.nxp.mcuxpresso.tools.win32_11.4.0.202103011116/tools/bin/../lib/gcc/arm-none-eabi/10.2.1/thumb/v6-m/nofp\libcr_eabihelpers.a(double.o)
                0x00005144                __aeabi_dmul
 .text.__aeabi_ddiv
                0x000052c8      0x14c c:/nxp/mcuxpressoide_11.4.0_6237/ide/plugins/com.nxp.mcuxpresso.tools.win32_11.4.0.202103011116/tools/bin/../lib/gcc/arm-none-eabi/10.2.1/thumb/v6-m/nofp\libcr_eabihelpers.a(double.o)
                0x000052c8                __aeabi_ddiv
 .text.__aeabi_dsub
                0x00005414      0x1c0 c:/nxp/mcuxpressoide_11.4.0_6237/ide/plugins/com.nxp.mcuxpresso.tools.win32_11.4.0.202103011116/tools/bin/../lib/gcc/arm-none-eabi/10.2.1/thumb/v6-m/nofp\libcr_eabihelpers.a(double.o)
                0x00005414                __aeabi_dsub
 .text.__aeabi_dadd
                0x000055d4      0x134 c:/nxp/mcuxpressoide_11.4.0_6237/ide/plugins/com.nxp.mcuxpresso.tools.win32_11.4.0.202103011116/tools/bin/../lib/gcc/arm-none-eabi/10.2.1/thumb/v6-m/nofp\libcr_eabihelpers.a(double.o)
                0x000055d4                __aeabi_dadd
 .text.__aeabi_d2f
                0x00005708       0x60 c:/nxp/mcuxpressoide_11.4.0_6237/ide/plugins/com.nxp.mcuxpresso.tools.win32_11.4.0.202103011116/tools/bin/../lib/gcc/arm-none-eabi/10.2.1/thumb/v6-m/nofp\libcr_eabihelpers.a(double.o)
                0x00005708                __aeabi_d2f
 .text.__aeabi_d2iz
                0x00005768       0x50 c:/nxp/mcuxpressoide_11.4.0_6237/ide/plugins/com.nxp.mcuxpresso.tools.win32_11.4.0.202103011116/tools/bin/../lib/gcc/arm-none-eabi/10.2.1/thumb/v6-m/nofp\libcr_eabihelpers.a(double.o)
                0x00005768                __aeabi_d2iz
 .text.__aeabi_dcmpeq
                0x000057b8       0x30 c:/nxp/mcuxpressoide_11.4.0_6237/ide/plugins/com.nxp.mcuxpresso.tools.win32_11.4.0.202103011116/tools/bin/../lib/gcc/arm-none-eabi/10.2.1/thumb/v6-m/nofp\libcr_eabihelpers.a(double.o)
                0x000057b8                __aeabi_dcmpeq
 .text.__aeabi_dcmplt
                0x000057e8       0x60 c:/nxp/mcuxpressoide_11.4.0_6237/ide/plugins/com.nxp.mcuxpresso.tools.win32_11.4.0.202103011116/tools/bin/../lib/gcc/arm-none-eabi/10.2.1/thumb/v6-m/nofp\libcr_eabihelpers.a(double.o)
                0x000057e8                __aeabi_dcmplt
 .text.__aeabi_dcmple
                0x00005848       0x5c c:/nxp/mcuxpressoide_11.4.0_6237/ide/plugins/com.nxp.mcuxpresso.tools.win32_11.4.0.202103011116/tools/bin/../lib/gcc/arm-none-eabi/10.2.1/thumb/v6-m/nofp\libcr_eabihelpers.a(double.o)
                0x00005848                __aeabi_dcmple
 .text.__aeabi_dcmpge
                0x000058a4       0x5c c:/nxp/mcuxpressoide_11.4.0_6237/ide/plugins/com.nxp.mcuxpresso.tools.win32_11.4.0.202103011116/tools/bin/../lib/gcc/arm-none-eabi/10.2.1/thumb/v6-m/nofp\libcr_eabihelpers.a(double.o)
                0x000058a4                __aeabi_dcmpge
 .text.__aeabi_f2d
                0x00005900       0x40 c:/nxp/mcuxpressoide_11.4.0_6237/ide/plugins/com.nxp.mcuxpresso.tools.win32_11.4.0.202103011116/tools/bin/../lib/gcc/arm-none-eabi/10.2.1/thumb/v6-m/nofp\libcr_eabihelpers.a(float.o)
                0x00005900                __aeabi_f2d
 .text.__clzsi2
                0x00005940       0x3c c:/nxp/mcuxpressoide_11.4.0_6237/ide/plugins/com.nxp.mcuxpresso.tools.win32_11.4.0.202103011116/tools/bin/../lib/gcc/arm-none-eabi/10.2.1/thumb/v6-m/nofp\libcr_eabihelpers.a(rtsupport_clz.o)
                0x00005940                __clzsi2
 .text.__sys_write
                0x0000597c       0x40 ./utilities/fsl_debug_console.o
                0x0000597c                __sys_write
 .text.LPTMR_StartTimer
                0x000059bc       0x2c ./source/K32L2B31A_Project.o
 .text.BOARD_Init
                0x000059e8       0x1a ./source/K32L2B31A_Project.o
                0x000059e8                BOARD_Init
 .text.GPIO_PinRead
                0x00005a02       0x20 ./iot_sdk/iot_sdk_peripherals/botones.o
 .text.GPIO_PinWrite
                0x00005a22       0x34 ./iot_sdk/iot_sdk_peripherals/leds.o
 .text.GPIO_PortToggle
                0x00005a56       0x18 ./iot_sdk/iot_sdk_peripherals/leds.o
 .text.SensorLuz_Init
                0x00005a6e        0xa ./iot_sdk/iot_sdk_peripherals/sensor_de_luz.o
                0x00005a6e                SensorLuz_Init
 .text.sensorTe_ini
                0x00005a78        0xa ./iot_sdk/iot_sdk_peripherals/sensor_temperatura.o
                0x00005a78                sensorTe_ini
 .text.LPTMR_GetStatusFlags
                0x00005a82       0x18 ./iot_sdk/iot_sdk_irq/irq_lptmr0.o
 .text.LPTMR_ClearStatusFlags
                0x00005a9a       0x1e ./iot_sdk/iot_sdk_irq/irq_lptmr0.o
 .text.LPUART_ReadByte
                0x00005ab8       0x16 ./iot_sdk/iot_sdk_irq/irq_lpuart0.o
 .text.SVC_Handler
                0x00005ace        0xa ./freertos/freertos_kernel/portable/GCC/ARM_CM0/port.o
                0x00005ace                SVC_Handler
 .text.ulSetInterruptMaskFromISR
                0x00005ad8        0xc ./freertos/freertos_kernel/portable/GCC/ARM_CM0/port.o
                0x00005ad8                ulSetInterruptMaskFromISR
 .text.vClearInterruptMaskFromISR
                0x00005ae4        0x8 ./freertos/freertos_kernel/portable/GCC/ARM_CM0/port.o
                0x00005ae4                vClearInterruptMaskFromISR
 .text.vListInsertEnd
                0x00005aec       0x44 ./freertos/freertos_kernel/list.o
                0x00005aec                vListInsertEnd
 .text.uxListRemove
                0x00005b30       0x50 ./freertos/freertos_kernel/list.o
                0x00005b30                uxListRemove
 .text.ADC16_SetChannelMuxMode
                0x00005b80       0x3a ./drivers/fsl_adc16.o
                0x00005b80                ADC16_SetChannelMuxMode
 .text.ADC16_SetHardwareAverage
                0x00005bba       0x40 ./drivers/fsl_adc16.o
                0x00005bba                ADC16_SetHardwareAverage
 .text.UART2_FLEXIO_DriverIRQHandler
                0x00005bfa        0xe ./drivers/fsl_flexio.o
                0x00005bfa                UART2_FLEXIO_DriverIRQHandler
 .text.GPIO_PinWrite
                0x00005c08       0x34 ./drivers/fsl_gpio.o
 .text.DisableGlobalIRQ
                0x00005c3c       0x1e ./component/serial_manager/fsl_component_serial_manager.o
 .text.EnableGlobalIRQ
                0x00005c5a       0x1c ./component/serial_manager/fsl_component_serial_manager.o
 .text.SerialManager_Write
                0x00005c76       0x44 ./component/serial_manager/fsl_component_serial_manager.o
 .text.SerialManager_OpenWriteHandle
                0x00005cba       0x56 ./component/serial_manager/fsl_component_serial_manager.o
                0x00005cba                SerialManager_OpenWriteHandle
 .text.SerialManager_WriteBlocking
                0x00005d10       0x22 ./component/serial_manager/fsl_component_serial_manager.o
                0x00005d10                SerialManager_WriteBlocking
 .text.Serial_UartInit
                0x00005d32       0x4e ./component/serial_manager/fsl_component_serial_port_uart.o
                0x00005d32                Serial_UartInit
 .text.Serial_UartWrite
                0x00005d80       0x38 ./component/serial_manager/fsl_component_serial_port_uart.o
                0x00005d80                Serial_UartWrite
 .text.PORTA_IRQHandler
                0x00005db8       0x10 ./component/gpio/fsl_adapter_gpio.o
                0x00005db8                PORTA_IRQHandler
 .text.PORTC_PORTD_IRQHandler
                0x00005dc8       0x16 ./component/gpio/fsl_adapter_gpio.o
                0x00005dc8                PORTC_PORTD_IRQHandler
 .text.BOARD_InitDebugConsole
                0x00005dde       0x2c ./board/board.o
                0x00005dde                BOARD_InitDebugConsole
 .text.SystemInitHook
                0x00005e0a       0x22 ./board/board.o
                0x00005e0a                SystemInitHook
 .text.BOARD_InitBootClocks
                0x00005e2c        0xe ./board/clock_config.o
                0x00005e2c                BOARD_InitBootClocks
 .text.EnableIRQ
                0x00005e3a       0x36 ./board/peripherals.o
 .text.ADC16_EnableHardwareTrigger
                0x00005e70       0x3a ./board/peripherals.o
 .text.LPTMR_EnableInterrupts
                0x00005eaa       0x2e ./board/peripherals.o
 .text.BOARD_InitPeripherals
                0x00005ed8       0x16 ./board/peripherals.o
                0x00005ed8                BOARD_InitPeripherals
 .text.BOARD_InitBootPeripherals
                0x00005eee        0xe ./board/peripherals.o
                0x00005eee                BOARD_InitBootPeripherals
 .text.BOARD_InitBootPins
                0x00005efc       0x1e ./board/pin_mux.o
                0x00005efc                BOARD_InitBootPins
 .text.BOARD_InitPins
                0x00005f1a        0xa ./board/pin_mux.o
                0x00005f1a                BOARD_InitPins
 .text.__main   0x00005f24        0xc c:/nxp/mcuxpressoide_11.4.0_6237/ide/plugins/com.nxp.mcuxpresso.tools.win32_11.4.0.202103011116/tools/bin/../lib/gcc/arm-none-eabi/10.2.1/../../../../arm-none-eabi/lib/thumb/v6-m/nofp\libcr_nohost_nf.a(_cr__main.o)
                0x00005f24                __main
 .text.__sys_appexit
                0x00005f30        0x2 c:/nxp/mcuxpressoide_11.4.0_6237/ide/plugins/com.nxp.mcuxpresso.tools.win32_11.4.0.202103011116/tools/bin/../lib/gcc/arm-none-eabi/10.2.1/../../../../arm-none-eabi/lib/thumb/v6-m/nofp\libcr_nohost_nf.a(__sys_appexit.o)
                0x00005f30                __sys_appexit
                0x00005f30                __exit
 .text.memset   0x00005f32        0x8 c:/nxp/mcuxpressoide_11.4.0_6237/ide/plugins/com.nxp.mcuxpresso.tools.win32_11.4.0.202103011116/tools/bin/../lib/gcc/arm-none-eabi/10.2.1/../../../../arm-none-eabi/lib/thumb/v6-m/nofp\libcr_c.a(memset.o)
                0x00005f32                memset
 .text.free     0x00005f3a       0x2c c:/nxp/mcuxpressoide_11.4.0_6237/ide/plugins/com.nxp.mcuxpresso.tools.win32_11.4.0.202103011116/tools/bin/../lib/gcc/arm-none-eabi/10.2.1/../../../../arm-none-eabi/lib/thumb/v6-m/nofp\libcr_c.a(alloc.o)
                0x00005f3a                free
 .text.fp_round
                0x00005f66       0x4a c:/nxp/mcuxpressoide_11.4.0_6237/ide/plugins/com.nxp.mcuxpresso.tools.win32_11.4.0.202103011116/tools/bin/../lib/gcc/arm-none-eabi/10.2.1/../../../../arm-none-eabi/lib/thumb/v6-m/nofp\libcr_c.a(fpprintf.o)
 .text.pr_dec.constprop.0
                0x00005fb0       0x30 c:/nxp/mcuxpressoide_11.4.0_6237/ide/plugins/com.nxp.mcuxpresso.tools.win32_11.4.0.202103011116/tools/bin/../lib/gcc/arm-none-eabi/10.2.1/../../../../arm-none-eabi/lib/thumb/v6-m/nofp\libcr_c.a(fpprintf.o)
 .text.fputs    0x00005fe0       0x2e c:/nxp/mcuxpressoide_11.4.0_6237/ide/plugins/com.nxp.mcuxpresso.tools.win32_11.4.0.202103011116/tools/bin/../lib/gcc/arm-none-eabi/10.2.1/../../../../arm-none-eabi/lib/thumb/v6-m/nofp\libcr_c.a(fputs.o)
                0x00005fe0                fputs
 .text.strcat   0x0000600e       0x1a c:/nxp/mcuxpressoide_11.4.0_6237/ide/plugins/com.nxp.mcuxpresso.tools.win32_11.4.0.202103011116/tools/bin/../lib/gcc/arm-none-eabi/10.2.1/../../../../arm-none-eabi/lib/thumb/v6-m/nofp\libcr_c.a(strcat.o)
                0x0000600e                strcat
 .text.strstr   0x00006028       0x24 c:/nxp/mcuxpressoide_11.4.0_6237/ide/plugins/com.nxp.mcuxpresso.tools.win32_11.4.0.202103011116/tools/bin/../lib/gcc/arm-none-eabi/10.2.1/../../../../arm-none-eabi/lib/thumb/v6-m/nofp\libcr_c.a(strstr.o)
                0x00006028                strstr
 .text.remove   0x0000604c       0x12 c:/nxp/mcuxpressoide_11.4.0_6237/ide/plugins/com.nxp.mcuxpresso.tools.win32_11.4.0.202103011116/tools/bin/../lib/gcc/arm-none-eabi/10.2.1/../../../../arm-none-eabi/lib/thumb/v6-m/nofp\libcr_c.a(remove.o)
                0x0000604c                remove
 .text.__aeabi_division_idivmod
                0x0000605e       0x78 c:/nxp/mcuxpressoide_11.4.0_6237/ide/plugins/com.nxp.mcuxpresso.tools.win32_11.4.0.202103011116/tools/bin/../lib/gcc/arm-none-eabi/10.2.1/thumb/v6-m/nofp\libcr_eabihelpers.a(division_32.o)
                0x0000605e                __aeabi_idivmod
                0x0000605e                __aeabi_idiv
                0x00006064                __aeabi_uidivmod
                0x00006064                __aeabi_uidiv
 .text.__aeabi_division_idiv0
                0x000060d6        0x2 c:/nxp/mcuxpressoide_11.4.0_6237/ide/plugins/com.nxp.mcuxpresso.tools.win32_11.4.0.202103011116/tools/bin/../lib/gcc/arm-none-eabi/10.2.1/thumb/v6-m/nofp\libcr_eabihelpers.a(division_idiv0.o)
                0x000060d6                __aeabi_idiv0
 .text.__bhs_ui2d
                0x000060d8       0x5e c:/nxp/mcuxpressoide_11.4.0_6237/ide/plugins/com.nxp.mcuxpresso.tools.win32_11.4.0.202103011116/tools/bin/../lib/gcc/arm-none-eabi/10.2.1/thumb/v6-m/nofp\libcr_eabihelpers.a(double.o)
                0x000060d8                __bhs_ui2d
 .text.__aeabi_i2d
                0x00006136       0x18 c:/nxp/mcuxpressoide_11.4.0_6237/ide/plugins/com.nxp.mcuxpresso.tools.win32_11.4.0.202103011116/tools/bin/../lib/gcc/arm-none-eabi/10.2.1/thumb/v6-m/nofp\libcr_eabihelpers.a(double.o)
                0x00006136                __aeabi_i2d
 .text.__aeabi_f2uiz
                0x0000614e       0x2a c:/nxp/mcuxpressoide_11.4.0_6237/ide/plugins/com.nxp.mcuxpresso.tools.win32_11.4.0.202103011116/tools/bin/../lib/gcc/arm-none-eabi/10.2.1/thumb/v6-m/nofp\libcr_eabihelpers.a(float.o)
                0x0000614e                __aeabi_f2uiz
 .text.__bhs_ui2f
                0x00006178       0x60 c:/nxp/mcuxpressoide_11.4.0_6237/ide/plugins/com.nxp.mcuxpresso.tools.win32_11.4.0.202103011116/tools/bin/../lib/gcc/arm-none-eabi/10.2.1/thumb/v6-m/nofp\libcr_eabihelpers.a(float.o)
                0x00006178                __bhs_ui2f
 .text.__aeabi_ui2f
                0x000061d8        0xc c:/nxp/mcuxpressoide_11.4.0_6237/ide/plugins/com.nxp.mcuxpresso.tools.win32_11.4.0.202103011116/tools/bin/../lib/gcc/arm-none-eabi/10.2.1/thumb/v6-m/nofp\libcr_eabihelpers.a(float.o)
                0x000061d8                __aeabi_ui2f
 .text.__aeabi_llong_lmul
                0x000061e4       0x2e c:/nxp/mcuxpressoide_11.4.0_6237/ide/plugins/com.nxp.mcuxpresso.tools.win32_11.4.0.202103011116/tools/bin/../lib/gcc/arm-none-eabi/10.2.1/thumb/v6-m/nofp\libcr_eabihelpers.a(llong.o)
                0x000061e4                __aeabi_lmul
 .text.__aeabi_memset_lowlevel
                0x00006212       0x2a c:/nxp/mcuxpressoide_11.4.0_6237/ide/plugins/com.nxp.mcuxpresso.tools.win32_11.4.0.202103011116/tools/bin/../lib/gcc/arm-none-eabi/10.2.1/thumb/v6-m/nofp\libcr_eabihelpers.a(memcpy.o)
                0x00006212                __aeabi_lowlevel_memset
 .text.__gnu_thumb1_case_shi
                0x0000623c       0x10 c:/nxp/mcuxpressoide_11.4.0_6237/ide/plugins/com.nxp.mcuxpresso.tools.win32_11.4.0.202103011116/tools/bin/../lib/gcc/arm-none-eabi/10.2.1/thumb/v6-m/nofp\libcr_eabihelpers.a(thumb1_switch_helpers.o)
                0x0000623c                __gnu_thumb1_case_shi
 .text.__sys_close
                0x0000624c        0x6 c:/nxp/mcuxpressoide_11.4.0_6237/ide/plugins/com.nxp.mcuxpresso.tools.win32_11.4.0.202103011116/tools/bin/../lib/gcc/arm-none-eabi/10.2.1/../../../../arm-none-eabi/lib/thumb/v6-m/nofp\libcr_nohost_nf.a(__sys_close.o)
                0x0000624c                __sys_close
 .text.__sys_flen
                0x00006252        0x6 c:/nxp/mcuxpressoide_11.4.0_6237/ide/plugins/com.nxp.mcuxpresso.tools.win32_11.4.0.202103011116/tools/bin/../lib/gcc/arm-none-eabi/10.2.1/../../../../arm-none-eabi/lib/thumb/v6-m/nofp\libcr_nohost_nf.a(__sys_flen.o)
                0x00006252                __sys_flen
 .text.__sys_istty
                0x00006258        0x6 c:/nxp/mcuxpressoide_11.4.0_6237/ide/plugins/com.nxp.mcuxpresso.tools.win32_11.4.0.202103011116/tools/bin/../lib/gcc/arm-none-eabi/10.2.1/../../../../arm-none-eabi/lib/thumb/v6-m/nofp\libcr_nohost_nf.a(__sys_istty.o)
                0x00006258                __sys_istty
 .text.__sys_remove
                0x0000625e        0x6 c:/nxp/mcuxpressoide_11.4.0_6237/ide/plugins/com.nxp.mcuxpresso.tools.win32_11.4.0.202103011116/tools/bin/../lib/gcc/arm-none-eabi/10.2.1/../../../../arm-none-eabi/lib/thumb/v6-m/nofp\libcr_nohost_nf.a(__sys_remove.o)
                0x0000625e                __sys_remove
 .text.__sys_seek
                0x00006264        0x6 c:/nxp/mcuxpressoide_11.4.0_6237/ide/plugins/com.nxp.mcuxpresso.tools.win32_11.4.0.202103011116/tools/bin/../lib/gcc/arm-none-eabi/10.2.1/../../../../arm-none-eabi/lib/thumb/v6-m/nofp\libcr_nohost_nf.a(__sys_seek.o)
                0x00006264                __sys_seek
 .text.__sys_tmpnam
                0x0000626a        0x6 c:/nxp/mcuxpressoide_11.4.0_6237/ide/plugins/com.nxp.mcuxpresso.tools.win32_11.4.0.202103011116/tools/bin/../lib/gcc/arm-none-eabi/10.2.1/../../../../arm-none-eabi/lib/thumb/v6-m/nofp\libcr_nohost_nf.a(__sys_tmpnam.o)
                0x0000626a                __sys_tmpnam
 *freertos*/tasks.o(SORT_BY_ALIGNMENT(.rodata*))
 .rodata.vTaskStartScheduler.str1.4
                0x00006270        0x5 ./freertos/freertos_kernel/tasks.o
 *fill*         0x00006275        0x3 ff
 .rodata.xTaskGenericNotify
                0x00006278       0x14 ./freertos/freertos_kernel/tasks.o
 .rodata.xTaskGenericNotifyFromISR
                0x0000628c       0x14 ./freertos/freertos_kernel/tasks.o
 *(SORT_BY_ALIGNMENT(.rodata) SORT_BY_ALIGNMENT(.rodata.*) SORT_BY_ALIGNMENT(.constdata) SORT_BY_ALIGNMENT(.constdata.*))
 .rodata.APN_APP
                0x000062a0       0x17 ./source/modem.o
                0x000062a0                APN_APP
 *fill*         0x000062b7        0x1 ff
 .rodata.Modem_Task_Run.str1.4
                0x000062b8      0x14d ./source/modem.o
                                0x151 (size before relaxing)
 *fill*         0x00006405        0x3 ff
 .rodata.Modem_Task_Run
                0x00006408       0x5c ./source/modem.o
 .rodata.Modem_Check_URC_Run.str1.4
                0x00006464       0x1c ./source/modem.o
 .rodata.ADC16_GetChannelConversionValue.str1.4
                0x00006480       0x77 ./iot_sdk/iot_sdk_peripherals/sensor_de_luz.o
 .rodata.ADC16_GetChannelConversionValue.str1.4
                0x000064f7       0x77 ./iot_sdk/iot_sdk_peripherals/sensor_temperatura.o
 *fill*         0x000064f7        0x1 ff
 .rodata.ADC16_GetInstance.str1.4
                0x000064f8       0x36 ./drivers/fsl_adc16.o
 *fill*         0x0000652e        0x2 ff
 .rodata.ADC16_Init.str1.4
                0x00006530       0x21 ./drivers/fsl_adc16.o
 *fill*         0x00006551        0x3 ff
 .rodata.ADC16_SetChannelConfig.str1.4
                0x00006554       0x52 ./drivers/fsl_adc16.o
 *fill*         0x000065a6        0x2 ff
 .rodata.ADC16_GetChannelStatusFlags.str1.4
                0x000065a8       0x30 ./drivers/fsl_adc16.o
 .rodata.CLOCK_GetOsc0ErClkFreq.str1.4
                0x000065d8       0x1f ./drivers/fsl_clock.o
 *fill*         0x000065f7        0x1 ff
 .rodata.CLOCK_GetEr32kClkFreq.str1.4
                0x000065f8       0x20 ./drivers/fsl_clock.o
 .rodata.CLOCK_GetFreq
                0x00006618       0x50 ./drivers/fsl_clock.o
 .rodata.CLOCK_GetOutClkFreq.str1.4
                0x00006668       0x1f ./drivers/fsl_clock.o
 *fill*         0x00006687        0x1 ff
 .rodata.CLOCK_SetMcgliteConfig.str1.4
                0x00006688       0x20 ./drivers/fsl_clock.o
 .rodata.lircFreqs.0
                0x000066a8        0x8 ./drivers/fsl_clock.o
 .rodata.DMA_ClearChannelStatusFlags.str1.4
                0x000066b0       0x44 ./drivers/fsl_dma.o
 .rodata.DMA_HandleIRQ.str1.4
                0x000066f4       0x20 ./drivers/fsl_dma.o
 .rodata.s_portBases
                0x00006714       0x14 ./drivers/fsl_gpio.o
 .rodata.s_gpioBases
                0x00006728       0x14 ./drivers/fsl_gpio.o
 .rodata.GPIO_GetInstance.str1.4
                0x0000673c       0x34 ./drivers/fsl_gpio.o
 .rodata.GPIO_PinInit.str1.4
                0x00006770       0x21 ./drivers/fsl_gpio.o
 *fill*         0x00006791        0x3 ff
 .rodata.LPTMR_GetInstance.str1.4
                0x00006794       0x36 ./drivers/fsl_lptmr.o
 *fill*         0x000067ca        0x2 ff
 .rodata.LPTMR_Init.str1.4
                0x000067cc       0x21 ./drivers/fsl_lptmr.o
 *fill*         0x000067ed        0x3 ff
 .rodata.s_lpuartBases
                0x000067f0        0x8 ./drivers/fsl_lpuart.o
 .rodata.s_lpuartClock
                0x000067f8        0x8 ./drivers/fsl_lpuart.o
 .rodata.LPUART_GetInstance.str1.4
                0x00006800       0x39 ./drivers/fsl_lpuart.o
 *fill*         0x00006839        0x3 ff
 .rodata.LPUART_Init.str1.4
                0x0000683c       0x52 ./drivers/fsl_lpuart.o
 *fill*         0x0000688e        0x2 ff
 .rodata.LPUART_GetDefaultConfig.str1.4
                0x00006890       0x23 ./drivers/fsl_lpuart.o
 *fill*         0x000068b3        0x1 ff
 .rodata.LPUART_WriteBlocking.str1.4
                0x000068b4       0x21 ./drivers/fsl_lpuart.o
 *fill*         0x000068d5        0x3 ff
 .rodata.SPI0_DriverIRQHandler.str1.4
                0x000068d8       0x29 ./drivers/fsl_spi.o
 *fill*         0x00006901        0x3 ff
 .rodata.SPI1_DriverIRQHandler.str1.4
                0x00006904       0x29 ./drivers/fsl_spi.o
 *fill*         0x0000692d        0x3 ff
 .rodata.s_LpuartAdapterBase
                0x00006930        0x8 ./component/uart/fsl_adapter_lpuart.o
 .rodata.HAL_UartInit.str1.4
                0x00006938      0x10a ./component/uart/fsl_adapter_lpuart.o
 *fill*         0x00006a42        0x2 ff
 .rodata.HAL_UartSendBlocking.str1.4
                0x00006a44       0x80 ./component/uart/fsl_adapter_lpuart.o
 .rodata.s_GpioPort
                0x00006ac4       0x14 ./component/gpio/fsl_adapter_gpio.o
 .rodata.mcgliteConfig_BOARD_BootClockRUN
                0x00006ad8        0x6 ./board/clock_config.o
                0x00006ad8                mcgliteConfig_BOARD_BootClockRUN
 *fill*         0x00006ade        0x2 ff
 .rodata.simConfig_BOARD_BootClockRUN
                0x00006ae0        0x8 ./board/clock_config.o
                0x00006ae0                simConfig_BOARD_BootClockRUN
 .rodata.LPTMR_SetTimerPeriod.str1.4
                0x00006ae8       0x3e ./board/peripherals.o
 *fill*         0x00006b26        0x2 ff
 .rodata.ADC0_config
                0x00006b28        0xa ./board/peripherals.o
                0x00006b28                ADC0_config
 *fill*         0x00006b32        0x2 ff
 .rodata.LPTMR0_config
                0x00006b34        0x7 ./board/peripherals.o
                0x00006b34                LPTMR0_config
 *fill*         0x00006b3b        0x1 ff
 .rodata.LPUART0_config
                0x00006b3c        0xc ./board/peripherals.o
                0x00006b3c                LPUART0_config
 .rodata.PORT_SetPinConfig.str1.4
                0x00006b48       0x39 ./board/pin_mux.o
 *fill*         0x00006b81        0x3 ff
 .rodata        0x00006b84        0x2 ./board/pin_mux.o
 *fill*         0x00006b86        0x2 ff
 .rodata.__num_Ciob_streams
                0x00006b88        0x4 c:/nxp/mcuxpressoide_11.4.0_6237/ide/plugins/com.nxp.mcuxpresso.tools.win32_11.4.0.202103011116/tools/bin/../lib/gcc/arm-none-eabi/10.2.1/../../../../arm-none-eabi/lib/thumb/v6-m/nofp\libcr_nohost_nf.a(__ciob.o)
                0x00006b88                __num_Ciob_streams
 .rodata.__assertion_failed.str1.1
                0x00006b8c       0x15 c:/nxp/mcuxpressoide_11.4.0_6237/ide/plugins/com.nxp.mcuxpresso.tools.win32_11.4.0.202103011116/tools/bin/../lib/gcc/arm-none-eabi/10.2.1/../../../../arm-none-eabi/lib/thumb/v6-m/nofp\libcr_nohost_nf.a(_cr_assert.o)
 .rodata._Csys_alloc.str1.1
                0x00006ba1       0x18 c:/nxp/mcuxpressoide_11.4.0_6237/ide/plugins/com.nxp.mcuxpresso.tools.win32_11.4.0.202103011116/tools/bin/../lib/gcc/arm-none-eabi/10.2.1/../../../../arm-none-eabi/lib/thumb/v6-m/nofp\libcr_c.a(alloc.o)
 .rodata.fp_display.str1.1
                0x00006bb9       0x32 c:/nxp/mcuxpressoide_11.4.0_6237/ide/plugins/com.nxp.mcuxpresso.tools.win32_11.4.0.202103011116/tools/bin/../lib/gcc/arm-none-eabi/10.2.1/../../../../arm-none-eabi/lib/thumb/v6-m/nofp\libcr_c.a(fpprintf.o)
                                 0x35 (size before relaxing)
 .rodata._initio.str1.1
                0x00006beb        0x4 c:/nxp/mcuxpressoide_11.4.0_6237/ide/plugins/com.nxp.mcuxpresso.tools.win32_11.4.0.202103011116/tools/bin/../lib/gcc/arm-none-eabi/10.2.1/../../../../arm-none-eabi/lib/thumb/v6-m/nofp\libcr_c.a(initio.o)
 .rodata.__vfprintf.str1.1
                0x00006bef       0x31 c:/nxp/mcuxpressoide_11.4.0_6237/ide/plugins/com.nxp.mcuxpresso.tools.win32_11.4.0.202103011116/tools/bin/../lib/gcc/arm-none-eabi/10.2.1/../../../../arm-none-eabi/lib/thumb/v6-m/nofp\libcr_c.a(printf.o)
                                 0x38 (size before relaxing)
                0x00006c20                . = ALIGN (0x4)

.glue_7         0x00006c20        0x0
 .glue_7        0x00006c20        0x0 linker stubs

.glue_7t        0x00006c20        0x0
 .glue_7t       0x00006c20        0x0 linker stubs

.vfp11_veneer   0x00006c20        0x0
 .vfp11_veneer  0x00006c20        0x0 linker stubs

.v4_bx          0x00006c20        0x0
 .v4_bx         0x00006c20        0x0 linker stubs

.iplt           0x00006c20        0x0
 .iplt          0x00006c20        0x0 ./utilities/fsl_debug_console.o

.rel.dyn        0x00006c20        0x0
 .rel.iplt      0x00006c20        0x0 ./utilities/fsl_debug_console.o

.ARM.extab
 *(SORT_BY_ALIGNMENT(.ARM.extab*) SORT_BY_ALIGNMENT(.gnu.linkonce.armextab.*))

.ARM.exidx      0x00006c20        0x0
                0x00006c20                __exidx_start = .
 *(SORT_BY_ALIGNMENT(.ARM.exidx*) SORT_BY_ALIGNMENT(.gnu.linkonce.armexidx.*))
                0x00006c20                __exidx_end = .
                0x00006c20                _etext = .

.m_usb_data
 *(SORT_BY_ALIGNMENT(m_usb_bdt))

.mtb_buffer_default
                0x1fffe000       0x80
 *(SORT_BY_ALIGNMENT(.mtb*))
 .mtb.$RAM1     0x1fffe000       0x80 ./source/mtb.o
                0x1fffe000                __mtb_buffer__

.uninit_RESERVED
                0x1fffe080        0x0
                0x1fffe080                _start_uninit_RESERVED = .
 *(SORT_BY_ALIGNMENT(.bss.$RESERVED*))
                0x1fffe080                . = ALIGN (0x4)
                0x1fffe080                _end_uninit_RESERVED = .

.data           0x1fffe080       0x18 load address 0x00006c20
 FILL mask 0xff
                0x1fffe080                _data = .
                [!provide]                PROVIDE (__start_data_RAM = .)
                [!provide]                PROVIDE (__start_data_SRAM = .)
 *(SORT_BY_ALIGNMENT(vtable))
 *(SORT_BY_ALIGNMENT(.ramfunc*))
 *(SORT_BY_ALIGNMENT(CodeQuickAccess))
 *(SORT_BY_ALIGNMENT(DataQuickAccess))
 *(SORT_BY_ALIGNMENT(RamFunction))
 *(SORT_BY_ALIGNMENT(.data*))
 .data.uxCriticalNesting
                0x1fffe080        0x4 ./freertos/freertos_kernel/portable/GCC/ARM_CM0/port.o
 .data.SystemCoreClock
                0x1fffe084        0x4 ./device/system_K32L2B31A.o
                0x1fffe084                SystemCoreClock
 .data.ADC0_channelsConfig
                0x1fffe088       0x10 ./board/peripherals.o
                0x1fffe088                ADC0_channelsConfig
                0x1fffe098                . = ALIGN (0x4)
                0x1fffe098                _edata = .
                [!provide]                PROVIDE (__end_data_RAM = .)
                [!provide]                PROVIDE (__end_data_SRAM = .)

.igot.plt       0x1fffe098        0x0 load address 0x00006c38
 .igot.plt      0x1fffe098        0x0 ./utilities/fsl_debug_console.o

.bss            0x1fffe098      0x310
                0x1fffe098                _bss = .
                [!provide]                PROVIDE (__start_bss_RAM = .)
                [!provide]                PROVIDE (__start_bss_SRAM = .)
 *(SORT_BY_ALIGNMENT(.bss*))
 .bss.s_debugConsoleState
                0x1fffe098       0x20 ./utilities/fsl_debug_console.o
 .bss.g_serialHandle
                0x1fffe0b8        0x4 ./utilities/fsl_debug_console.o
                0x1fffe0b8                g_serialHandle
 .bss.segAct    0x1fffe0bc        0x4 ./source/K32L2B31A_Project.o
                0x1fffe0bc                segAct
 .bss.buffer_comando_recibido
                0x1fffe0c0       0x32 ./source/modem.o
                0x1fffe0c0                buffer_comando_recibido
 *fill*         0x1fffe0f2        0x2 
 .bss.rtaModemStr
                0x1fffe0f4       0x32 ./source/modem.o
                0x1fffe0f4                rtaModemStr
 *fill*         0x1fffe126        0x2 
 .bss.timeOutRta
                0x1fffe128        0x4 ./source/modem.o
 .bss.buffer_comando_enviar
                0x1fffe12c       0x32 ./source/modem.o
                0x1fffe12c                buffer_comando_enviar
 *fill*         0x1fffe15e        0x2 
 .bss.index_buffer_nuevo_comandio_recibido
                0x1fffe160        0x4 ./source/modem.o
                0x1fffe160                index_buffer_nuevo_comandio_recibido
 .bss.time2waitEnd_URC.0
                0x1fffe164        0x4 ./source/modem.o
 .bss.adc_sensor_de_luz
                0x1fffe168        0x4 ./iot_sdk/iot_sdk_peripherals/sensor_de_luz.o
                0x1fffe168                adc_sensor_de_luz
 .bss.adc_sensor_de_temp
                0x1fffe16c        0x4 ./iot_sdk/iot_sdk_peripherals/sensor_temperatura.o
                0x1fffe16c                adc_sensor_de_temp
 .bss.lptmr0_irq_counter
                0x1fffe170        0x4 ./iot_sdk/iot_sdk_irq/irq_lptmr0.o
                0x1fffe170                lptmr0_irq_counter
 .bss.rx_ring_buffer
                0x1fffe174       0x64 ./iot_sdk/iot_sdk_irq/irq_lpuart0.o
                0x1fffe174                rx_ring_buffer
 .bss.rx_index_productor
                0x1fffe1d8        0x4 ./iot_sdk/iot_sdk_irq/irq_lpuart0.o
                0x1fffe1d8                rx_index_productor
 .bss.rx_index_consumidor
                0x1fffe1dc        0x4 ./iot_sdk/iot_sdk_irq/irq_lpuart0.o
                0x1fffe1dc                rx_index_consumidor
 .bss.pxCurrentTCB
                0x1fffe1e0        0x4 ./freertos/freertos_kernel/tasks.o
                0x1fffe1e0                pxCurrentTCB
 .bss.pxReadyTasksLists
                0x1fffe1e4       0x64 ./freertos/freertos_kernel/tasks.o
 .bss.pxDelayedTaskList
                0x1fffe248        0x4 ./freertos/freertos_kernel/tasks.o
 .bss.pxOverflowDelayedTaskList
                0x1fffe24c        0x4 ./freertos/freertos_kernel/tasks.o
 .bss.xPendingReadyList
                0x1fffe250       0x14 ./freertos/freertos_kernel/tasks.o
 .bss.xTickCount
                0x1fffe264        0x4 ./freertos/freertos_kernel/tasks.o
 .bss.uxTopReadyPriority
                0x1fffe268        0x4 ./freertos/freertos_kernel/tasks.o
 .bss.xPendedTicks
                0x1fffe26c        0x4 ./freertos/freertos_kernel/tasks.o
 .bss.xYieldPending
                0x1fffe270        0x4 ./freertos/freertos_kernel/tasks.o
 .bss.xNumOfOverflows
                0x1fffe274        0x4 ./freertos/freertos_kernel/tasks.o
 .bss.xNextTaskUnblockTime
                0x1fffe278        0x4 ./freertos/freertos_kernel/tasks.o
 .bss.uxSchedulerSuspended
                0x1fffe27c        0x4 ./freertos/freertos_kernel/tasks.o
 .bss.g_xtal0Freq
                0x1fffe280        0x4 ./drivers/fsl_clock.o
                0x1fffe280                g_xtal0Freq
 .bss.g_xtal32Freq
                0x1fffe284        0x4 ./drivers/fsl_clock.o
                0x1fffe284                g_xtal32Freq
 .bss.s_DMAHandle
                0x1fffe288       0x10 ./drivers/fsl_dma.o
 .bss.s_flexioHandle
                0x1fffe298        0x8 ./drivers/fsl_flexio.o
 .bss.s_flexioType
                0x1fffe2a0        0x8 ./drivers/fsl_flexio.o
 .bss.s_flexioIsr
                0x1fffe2a8        0x8 ./drivers/fsl_flexio.o
 .bss.s_i2cHandle
                0x1fffe2b0        0x8 ./drivers/fsl_i2c.o
 .bss.s_i2cMasterIsr
                0x1fffe2b8        0x4 ./drivers/fsl_i2c.o
 .bss.s_i2cSlaveIsr
                0x1fffe2bc        0x4 ./drivers/fsl_i2c.o
 .bss.s_lpuartHandle
                0x1fffe2c0        0x8 ./drivers/fsl_lpuart.o
                0x1fffe2c0                s_lpuartHandle
 .bss.s_lpuartIsr
                0x1fffe2c8        0x4 ./drivers/fsl_lpuart.o
                0x1fffe2c8                s_lpuartIsr
 .bss.s_spiHandle
                0x1fffe2cc        0x8 ./drivers/fsl_spi.o
 .bss.s_spiMasterIsr
                0x1fffe2d4        0x4 ./drivers/fsl_spi.o
 .bss.s_spiSlaveIsr
                0x1fffe2d8        0x4 ./drivers/fsl_spi.o
 .bss.s_GpioHead
                0x1fffe2dc        0x4 ./component/gpio/fsl_adapter_gpio.o
 .bss.__Ciob    0x1fffe2e0       0xb4 c:/nxp/mcuxpressoide_11.4.0_6237/ide/plugins/com.nxp.mcuxpresso.tools.win32_11.4.0.202103011116/tools/bin/../lib/gcc/arm-none-eabi/10.2.1/../../../../arm-none-eabi/lib/thumb/v6-m/nofp\libcr_nohost_nf.a(__ciob.o)
                0x1fffe2e0                __Ciob
 .bss.errno     0x1fffe394        0x4 c:/nxp/mcuxpressoide_11.4.0_6237/ide/plugins/com.nxp.mcuxpresso.tools.win32_11.4.0.202103011116/tools/bin/../lib/gcc/arm-none-eabi/10.2.1/../../../../arm-none-eabi/lib/thumb/v6-m/nofp\libcr_c.a(errno.o)
                0x1fffe394                errno
 .bss.__end_of_heap
                0x1fffe398        0x4 c:/nxp/mcuxpressoide_11.4.0_6237/ide/plugins/com.nxp.mcuxpresso.tools.win32_11.4.0.202103011116/tools/bin/../lib/gcc/arm-none-eabi/10.2.1/../../../../arm-none-eabi/lib/thumb/v6-m/nofp\libcr_c.a(__init_alloc.o)
                0x1fffe398                __end_of_heap
 .bss.__heaps   0x1fffe39c        0x4 c:/nxp/mcuxpressoide_11.4.0_6237/ide/plugins/com.nxp.mcuxpresso.tools.win32_11.4.0.202103011116/tools/bin/../lib/gcc/arm-none-eabi/10.2.1/../../../../arm-none-eabi/lib/thumb/v6-m/nofp\libcr_c.a(__init_alloc.o)
                0x1fffe39c                __heaps
 .bss.s_debugConsoleReadWaitSemaphore
                0x1fffe3a0        0x1 ./utilities/fsl_debug_console.o
 .bss.modemEstadoOK
                0x1fffe3a1        0x1 ./source/modem.o
                0x1fffe3a1                modemEstadoOK
 .bss.modemEstadoExcepcion
                0x1fffe3a2        0x1 ./source/modem.o
                0x1fffe3a2                modemEstadoExcepcion
 .bss.procesandoComando
                0x1fffe3a3        0x1 ./source/modem.o
 .bss.modemSt   0x1fffe3a4        0x1 ./source/modem.o
                0x1fffe3a4                modemSt
 .bss.recibiMsgQtt
                0x1fffe3a5        0x1 ./source/modem.o
 .bss.boton1    0x1fffe3a6        0x1 ./iot_sdk/iot_sdk_peripherals/botones.o
                0x1fffe3a6                boton1
 .bss.boton2    0x1fffe3a7        0x1 ./iot_sdk/iot_sdk_peripherals/botones.o
                0x1fffe3a7                boton2
 *(SORT_BY_ALIGNMENT(COMMON))
                0x1fffe3a8                . = ALIGN (0x4)
                0x1fffe3a8                _ebss = .
                [!provide]                PROVIDE (__end_bss_RAM = .)
                [!provide]                PROVIDE (__end_bss_SRAM = .)
                [!provide]                PROVIDE (end = .)

.noinit         0x1fffe3a8        0x0
                0x1fffe3a8                _noinit = .
                [!provide]                PROVIDE (__start_noinit_RAM = .)
                [!provide]                PROVIDE (__start_noinit_SRAM = .)
 *(SORT_BY_ALIGNMENT(.noinit*))
                0x1fffe3a8                . = ALIGN (0x4)
                0x1fffe3a8                _end_noinit = .
                [!provide]                PROVIDE (__end_noinit_RAM = .)
                [!provide]                PROVIDE (__end_noinit_SRAM = .)
                0x00000800                _HeapSize = 0x800

.heap           0x1fffe3a8      0x800
                0x1fffe3a8                _pvHeapStart = .
                0x1fffeba8                . = (. + _HeapSize)
 *fill*         0x1fffe3a8      0x800 
                0x1fffeba8                . = ALIGN (0x4)
                0x1fffeba8                _pvHeapLimit = .
                0x00000800                _StackSize = 0x800

.heap2stackfill
                0x1fffeba8      0x800
                0x1ffff3a8                . = (. + _StackSize)
 *fill*         0x1fffeba8      0x800 

.stack          0x20005800        0x0
                0x20005800                _vStackBase = .
                0x20005800                . = ALIGN (0x4)
                0x20006000                _vStackTop = (. + _StackSize)
                0x00000000                _image_start = LOADADDR (.text)
                0x00006c38                _image_end = (LOADADDR (.data) + SIZEOF (.data))
                0x00006c38                _image_size = (_image_end - _image_start)
OUTPUT(K32L2B31A_Project.axf elf32-littlearm)
LOAD linker stubs

.debug_info     0x00000000    0x14ff8
 .debug_info    0x00000000      0x959 ./utilities/fsl_debug_console.o
 .debug_info    0x00000959      0x4e4 ./startup/startup_k32l2b31a.o
 .debug_info    0x00000e3d      0x4aa ./source/K32L2B31A_Project.o
 .debug_info    0x000012e7      0x812 ./source/modem.o
 .debug_info    0x00001af9       0x53 ./source/mtb.o
 .debug_info    0x00001b4c       0x3c ./source/semihost_hardfault.o
 .debug_info    0x00001b88      0x4aa ./iot_sdk/iot_sdk_peripherals/botones.o
 .debug_info    0x00002032      0x1b6 ./iot_sdk/iot_sdk_peripherals/leds.o
 .debug_info    0x000021e8      0x636 ./iot_sdk/iot_sdk_peripherals/sensor_de_luz.o
 .debug_info    0x0000281e      0x668 ./iot_sdk/iot_sdk_peripherals/sensor_temperatura.o
 .debug_info    0x00002e86      0x419 ./iot_sdk/iot_sdk_irq/irq_lptmr0.o
 .debug_info    0x0000329f      0x548 ./iot_sdk/iot_sdk_irq/irq_lpuart0.o
 .debug_info    0x000037e7      0x27c ./freertos/freertos_kernel/portable/GCC/ARM_CM0/port.o
 .debug_info    0x00003a63      0x2be ./freertos/freertos_kernel/list.o
 .debug_info    0x00003d21     0x1a95 ./freertos/freertos_kernel/tasks.o
 .debug_info    0x000057b6      0xdab ./drivers/fsl_adc16.o
 .debug_info    0x00006561     0x12d6 ./drivers/fsl_clock.o
 .debug_info    0x00007837     0x1143 ./drivers/fsl_dma.o
 .debug_info    0x0000897a     0x115a ./drivers/fsl_flexio.o
 .debug_info    0x00009ad4      0x854 ./drivers/fsl_gpio.o
 .debug_info    0x0000a328     0x1c2f ./drivers/fsl_i2c.o
 .debug_info    0x0000bf57      0x80a ./drivers/fsl_lptmr.o
 .debug_info    0x0000c761     0x1a95 ./drivers/fsl_lpuart.o
 .debug_info    0x0000e1f6     0x182f ./drivers/fsl_spi.o
 .debug_info    0x0000fa25      0x3fb ./device/system_K32L2B31A.o
 .debug_info    0x0000fe20      0x9a9 ./component/uart/fsl_adapter_lpuart.o
 .debug_info    0x000107c9      0x8ef ./component/serial_manager/fsl_component_serial_manager.o
 .debug_info    0x000110b8      0x479 ./component/serial_manager/fsl_component_serial_port_uart.o
 .debug_info    0x00011531     0x1139 ./component/gpio/fsl_adapter_gpio.o
 .debug_info    0x0001266a      0x643 ./board/board.o
 .debug_info    0x00012cad      0x9dc ./board/clock_config.o
 .debug_info    0x00013689     0x107a ./board/peripherals.o
 .debug_info    0x00014703      0x8f5 ./board/pin_mux.o

.debug_abbrev   0x00000000     0x40e4
 .debug_abbrev  0x00000000      0x1f2 ./utilities/fsl_debug_console.o
 .debug_abbrev  0x000001f2      0x1da ./startup/startup_k32l2b31a.o
 .debug_abbrev  0x000003cc      0x18d ./source/K32L2B31A_Project.o
 .debug_abbrev  0x00000559      0x214 ./source/modem.o
 .debug_abbrev  0x0000076d       0x46 ./source/mtb.o
 .debug_abbrev  0x000007b3       0x31 ./source/semihost_hardfault.o
 .debug_abbrev  0x000007e4      0x170 ./iot_sdk/iot_sdk_peripherals/botones.o
 .debug_abbrev  0x00000954       0xee ./iot_sdk/iot_sdk_peripherals/leds.o
 .debug_abbrev  0x00000a42      0x19b ./iot_sdk/iot_sdk_peripherals/sensor_de_luz.o
 .debug_abbrev  0x00000bdd      0x1ac ./iot_sdk/iot_sdk_peripherals/sensor_temperatura.o
 .debug_abbrev  0x00000d89      0x12d ./iot_sdk/iot_sdk_irq/irq_lptmr0.o
 .debug_abbrev  0x00000eb6      0x173 ./iot_sdk/iot_sdk_irq/irq_lpuart0.o
 .debug_abbrev  0x00001029      0x1c6 ./freertos/freertos_kernel/portable/GCC/ARM_CM0/port.o
 .debug_abbrev  0x000011ef       0xf2 ./freertos/freertos_kernel/list.o
 .debug_abbrev  0x000012e1      0x27e ./freertos/freertos_kernel/tasks.o
 .debug_abbrev  0x0000155f      0x267 ./drivers/fsl_adc16.o
 .debug_abbrev  0x000017c6      0x2b0 ./drivers/fsl_clock.o
 .debug_abbrev  0x00001a76      0x2cf ./drivers/fsl_dma.o
 .debug_abbrev  0x00001d45      0x2b2 ./drivers/fsl_flexio.o
 .debug_abbrev  0x00001ff7      0x20d ./drivers/fsl_gpio.o
 .debug_abbrev  0x00002204      0x35a ./drivers/fsl_i2c.o
 .debug_abbrev  0x0000255e      0x1a0 ./drivers/fsl_lptmr.o
 .debug_abbrev  0x000026fe      0x410 ./drivers/fsl_lpuart.o
 .debug_abbrev  0x00002b0e      0x36e ./drivers/fsl_spi.o
 .debug_abbrev  0x00002e7c      0x148 ./device/system_K32L2B31A.o
 .debug_abbrev  0x00002fc4      0x1ad ./component/uart/fsl_adapter_lpuart.o
 .debug_abbrev  0x00003171      0x23d ./component/serial_manager/fsl_component_serial_manager.o
 .debug_abbrev  0x000033ae      0x167 ./component/serial_manager/fsl_component_serial_port_uart.o
 .debug_abbrev  0x00003515      0x39a ./component/gpio/fsl_adapter_gpio.o
 .debug_abbrev  0x000038af      0x197 ./board/board.o
 .debug_abbrev  0x00003a46      0x1c5 ./board/clock_config.o
 .debug_abbrev  0x00003c0b      0x285 ./board/peripherals.o
 .debug_abbrev  0x00003e90      0x254 ./board/pin_mux.o

.debug_aranges  0x00000000     0x1298
 .debug_aranges
                0x00000000       0x70 ./utilities/fsl_debug_console.o
 .debug_aranges
                0x00000070      0x160 ./startup/startup_k32l2b31a.o
 .debug_aranges
                0x000001d0       0x48 ./source/K32L2B31A_Project.o
 .debug_aranges
                0x00000218       0x70 ./source/modem.o
 .debug_aranges
                0x00000288       0x18 ./source/mtb.o
 .debug_aranges
                0x000002a0       0x20 ./source/semihost_hardfault.o
 .debug_aranges
                0x000002c0       0x48 ./iot_sdk/iot_sdk_peripherals/botones.o
 .debug_aranges
                0x00000308       0x40 ./iot_sdk/iot_sdk_peripherals/leds.o
 .debug_aranges
                0x00000348       0x48 ./iot_sdk/iot_sdk_peripherals/sensor_de_luz.o
 .debug_aranges
                0x00000390       0x48 ./iot_sdk/iot_sdk_peripherals/sensor_temperatura.o
 .debug_aranges
                0x000003d8       0x30 ./iot_sdk/iot_sdk_irq/irq_lptmr0.o
 .debug_aranges
                0x00000408       0x40 ./iot_sdk/iot_sdk_irq/irq_lpuart0.o
 .debug_aranges
                0x00000448       0x88 ./freertos/freertos_kernel/portable/GCC/ARM_CM0/port.o
 .debug_aranges
                0x000004d0       0x40 ./freertos/freertos_kernel/list.o
 .debug_aranges
                0x00000510      0x208 ./freertos/freertos_kernel/tasks.o
 .debug_aranges
                0x00000718       0x88 ./drivers/fsl_adc16.o
 .debug_aranges
                0x000007a0       0xd0 ./drivers/fsl_clock.o
 .debug_aranges
                0x00000870       0xd8 ./drivers/fsl_dma.o
 .debug_aranges
                0x00000948       0xb8 ./drivers/fsl_flexio.o
 .debug_aranges
                0x00000a00       0x68 ./drivers/fsl_gpio.o
 .debug_aranges
                0x00000a68      0x178 ./drivers/fsl_i2c.o
 .debug_aranges
                0x00000be0       0x48 ./drivers/fsl_lptmr.o
 .debug_aranges
                0x00000c28      0x140 ./drivers/fsl_lpuart.o
 .debug_aranges
                0x00000d68      0x148 ./drivers/fsl_spi.o
 .debug_aranges
                0x00000eb0       0x30 ./device/system_K32L2B31A.o
 .debug_aranges
                0x00000ee0       0x58 ./component/uart/fsl_adapter_lpuart.o
 .debug_aranges
                0x00000f38       0x98 ./component/serial_manager/fsl_component_serial_manager.o
 .debug_aranges
                0x00000fd0       0x48 ./component/serial_manager/fsl_component_serial_port_uart.o
 .debug_aranges
                0x00001018      0x108 ./component/gpio/fsl_adapter_gpio.o
 .debug_aranges
                0x00001120       0x40 ./board/board.o
 .debug_aranges
                0x00001160       0x50 ./board/clock_config.o
 .debug_aranges
                0x000011b0       0x68 ./board/peripherals.o
 .debug_aranges
                0x00001218       0x80 ./board/pin_mux.o

.debug_ranges   0x00000000     0x1080
 .debug_ranges  0x00000000       0x60 ./utilities/fsl_debug_console.o
 .debug_ranges  0x00000060      0x150 ./startup/startup_k32l2b31a.o
 .debug_ranges  0x000001b0       0x38 ./source/K32L2B31A_Project.o
 .debug_ranges  0x000001e8       0x60 ./source/modem.o
 .debug_ranges  0x00000248       0x10 ./source/semihost_hardfault.o
 .debug_ranges  0x00000258       0x38 ./iot_sdk/iot_sdk_peripherals/botones.o
 .debug_ranges  0x00000290       0x30 ./iot_sdk/iot_sdk_peripherals/leds.o
 .debug_ranges  0x000002c0       0x38 ./iot_sdk/iot_sdk_peripherals/sensor_de_luz.o
 .debug_ranges  0x000002f8       0x38 ./iot_sdk/iot_sdk_peripherals/sensor_temperatura.o
 .debug_ranges  0x00000330       0x20 ./iot_sdk/iot_sdk_irq/irq_lptmr0.o
 .debug_ranges  0x00000350       0x30 ./iot_sdk/iot_sdk_irq/irq_lpuart0.o
 .debug_ranges  0x00000380       0x78 ./freertos/freertos_kernel/portable/GCC/ARM_CM0/port.o
 .debug_ranges  0x000003f8       0x30 ./freertos/freertos_kernel/list.o
 .debug_ranges  0x00000428      0x1f8 ./freertos/freertos_kernel/tasks.o
 .debug_ranges  0x00000620       0x78 ./drivers/fsl_adc16.o
 .debug_ranges  0x00000698       0xc0 ./drivers/fsl_clock.o
 .debug_ranges  0x00000758       0xc8 ./drivers/fsl_dma.o
 .debug_ranges  0x00000820       0xa8 ./drivers/fsl_flexio.o
 .debug_ranges  0x000008c8       0x58 ./drivers/fsl_gpio.o
 .debug_ranges  0x00000920      0x168 ./drivers/fsl_i2c.o
 .debug_ranges  0x00000a88       0x38 ./drivers/fsl_lptmr.o
 .debug_ranges  0x00000ac0      0x130 ./drivers/fsl_lpuart.o
 .debug_ranges  0x00000bf0      0x138 ./drivers/fsl_spi.o
 .debug_ranges  0x00000d28       0x20 ./device/system_K32L2B31A.o
 .debug_ranges  0x00000d48       0x48 ./component/uart/fsl_adapter_lpuart.o
 .debug_ranges  0x00000d90       0x88 ./component/serial_manager/fsl_component_serial_manager.o
 .debug_ranges  0x00000e18       0x38 ./component/serial_manager/fsl_component_serial_port_uart.o
 .debug_ranges  0x00000e50       0xf8 ./component/gpio/fsl_adapter_gpio.o
 .debug_ranges  0x00000f48       0x30 ./board/board.o
 .debug_ranges  0x00000f78       0x40 ./board/clock_config.o
 .debug_ranges  0x00000fb8       0x58 ./board/peripherals.o
 .debug_ranges  0x00001010       0x70 ./board/pin_mux.o

.debug_macro    0x00000000     0xf1e3
 .debug_macro   0x00000000      0x256 ./utilities/fsl_debug_console.o
 .debug_macro   0x00000256      0xa90 ./utilities/fsl_debug_console.o
 .debug_macro   0x00000ce6       0x10 ./utilities/fsl_debug_console.o
 .debug_macro   0x00000cf6       0x16 ./utilities/fsl_debug_console.o
 .debug_macro   0x00000d0c       0x10 ./utilities/fsl_debug_console.o
 .debug_macro   0x00000d1c      0x12e ./utilities/fsl_debug_console.o
 .debug_macro   0x00000e4a       0x28 ./utilities/fsl_debug_console.o
 .debug_macro   0x00000e72      0x5b3 ./utilities/fsl_debug_console.o
 .debug_macro   0x00001425      0x181 ./utilities/fsl_debug_console.o
 .debug_macro   0x000015a6      0x15a ./utilities/fsl_debug_console.o
 .debug_macro   0x00001700       0xb8 ./utilities/fsl_debug_console.o
 .debug_macro   0x000017b8       0x1c ./utilities/fsl_debug_console.o
 .debug_macro   0x000017d4       0x26 ./utilities/fsl_debug_console.o
 .debug_macro   0x000017fa      0x46b ./utilities/fsl_debug_console.o
 .debug_macro   0x00001c65       0xb5 ./utilities/fsl_debug_console.o
 .debug_macro   0x00001d1a      0x120 ./utilities/fsl_debug_console.o
 .debug_macro   0x00001e3a       0x80 ./utilities/fsl_debug_console.o
 .debug_macro   0x00001eba       0x7e ./utilities/fsl_debug_console.o
 .debug_macro   0x00001f38       0x16 ./utilities/fsl_debug_console.o
 .debug_macro   0x00001f4e       0x22 ./utilities/fsl_debug_console.o
 .debug_macro   0x00001f70       0x10 ./utilities/fsl_debug_console.o
 .debug_macro   0x00001f80       0x3e ./utilities/fsl_debug_console.o
 .debug_macro   0x00001fbe       0x1c ./utilities/fsl_debug_console.o
 .debug_macro   0x00001fda       0x22 ./utilities/fsl_debug_console.o
 .debug_macro   0x00001ffc       0xd1 ./utilities/fsl_debug_console.o
 .debug_macro   0x000020cd      0x3ad ./utilities/fsl_debug_console.o
 .debug_macro   0x0000247a       0x3a ./utilities/fsl_debug_console.o
 .debug_macro   0x000024b4     0x87b2 ./utilities/fsl_debug_console.o
 .debug_macro   0x0000ac66     0x1154 ./utilities/fsl_debug_console.o
 .debug_macro   0x0000bdba       0x7a ./utilities/fsl_debug_console.o
 .debug_macro   0x0000be34       0x8f ./utilities/fsl_debug_console.o
 .debug_macro   0x0000bec3       0xfb ./utilities/fsl_debug_console.o
 .debug_macro   0x0000bfbe       0x50 ./utilities/fsl_debug_console.o
 .debug_macro   0x0000c00e       0x58 ./utilities/fsl_debug_console.o
 .debug_macro   0x0000c066       0x40 ./utilities/fsl_debug_console.o
 .debug_macro   0x0000c0a6       0x10 ./utilities/fsl_debug_console.o
 .debug_macro   0x0000c0b6       0x66 ./utilities/fsl_debug_console.o
 .debug_macro   0x0000c11c       0x1c ./utilities/fsl_debug_console.o
 .debug_macro   0x0000c138       0x9a ./utilities/fsl_debug_console.o
 .debug_macro   0x0000c1d2       0x1c ./utilities/fsl_debug_console.o
 .debug_macro   0x0000c1ee       0x29 ./startup/startup_k32l2b31a.o
 .debug_macro   0x0000c217      0x253 ./source/K32L2B31A_Project.o
 .debug_macro   0x0000c46a       0xa0 ./source/K32L2B31A_Project.o
 .debug_macro   0x0000c50a       0x22 ./source/K32L2B31A_Project.o
 .debug_macro   0x0000c52c       0x10 ./source/K32L2B31A_Project.o
 .debug_macro   0x0000c53c       0x16 ./source/K32L2B31A_Project.o
 .debug_macro   0x0000c552      0x1ae ./source/K32L2B31A_Project.o
 .debug_macro   0x0000c700       0x10 ./source/K32L2B31A_Project.o
 .debug_macro   0x0000c710       0x10 ./source/K32L2B31A_Project.o
 .debug_macro   0x0000c720       0x16 ./source/K32L2B31A_Project.o
 .debug_macro   0x0000c736       0x70 ./source/K32L2B31A_Project.o
 .debug_macro   0x0000c7a6      0x2af ./source/K32L2B31A_Project.o
 .debug_macro   0x0000ca55       0x3a ./source/K32L2B31A_Project.o
 .debug_macro   0x0000ca8f       0x2e ./source/K32L2B31A_Project.o
 .debug_macro   0x0000cabd       0x1c ./source/K32L2B31A_Project.o
 .debug_macro   0x0000cad9       0x16 ./source/K32L2B31A_Project.o
 .debug_macro   0x0000caef       0x3a ./source/K32L2B31A_Project.o
 .debug_macro   0x0000cb29       0x10 ./source/K32L2B31A_Project.o
 .debug_macro   0x0000cb39      0x258 ./source/modem.o
 .debug_macro   0x0000cd91       0x2f ./source/mtb.o
 .debug_macro   0x0000cdc0       0x82 ./source/mtb.o
 .debug_macro   0x0000ce42       0x10 ./source/mtb.o
 .debug_macro   0x0000ce52       0x11 ./source/semihost_hardfault.o
 .debug_macro   0x0000ce63      0x14c ./iot_sdk/iot_sdk_peripherals/botones.o
 .debug_macro   0x0000cfaf       0x1c ./iot_sdk/iot_sdk_peripherals/botones.o
 .debug_macro   0x0000cfcb      0x124 ./iot_sdk/iot_sdk_peripherals/leds.o
 .debug_macro   0x0000d0ef       0x10 ./iot_sdk/iot_sdk_peripherals/leds.o
 .debug_macro   0x0000d0ff      0x148 ./iot_sdk/iot_sdk_peripherals/sensor_de_luz.o
 .debug_macro   0x0000d247       0x16 ./iot_sdk/iot_sdk_peripherals/sensor_de_luz.o
 .debug_macro   0x0000d25d      0x15a ./iot_sdk/iot_sdk_peripherals/sensor_temperatura.o
 .debug_macro   0x0000d3b7       0x28 ./iot_sdk/iot_sdk_peripherals/sensor_temperatura.o
 .debug_macro   0x0000d3df       0x16 ./iot_sdk/iot_sdk_peripherals/sensor_temperatura.o
 .debug_macro   0x0000d3f5      0x14d ./iot_sdk/iot_sdk_irq/irq_lptmr0.o
 .debug_macro   0x0000d542      0x149 ./iot_sdk/iot_sdk_irq/irq_lpuart0.o
 .debug_macro   0x0000d68b      0x119 ./freertos/freertos_kernel/portable/GCC/ARM_CM0/port.o
 .debug_macro   0x0000d7a4       0x16 ./freertos/freertos_kernel/portable/GCC/ARM_CM0/port.o
 .debug_macro   0x0000d7ba       0xc4 ./freertos/freertos_kernel/list.o
 .debug_macro   0x0000d87e      0x18e ./freertos/freertos_kernel/tasks.o
 .debug_macro   0x0000da0c       0x10 ./freertos/freertos_kernel/tasks.o
 .debug_macro   0x0000da1c      0x121 ./drivers/fsl_adc16.o
 .debug_macro   0x0000db3d      0x14d ./drivers/fsl_clock.o
 .debug_macro   0x0000dc8a      0x121 ./drivers/fsl_dma.o
 .debug_macro   0x0000ddab      0x126 ./drivers/fsl_flexio.o
 .debug_macro   0x0000ded1       0x1c ./drivers/fsl_flexio.o
 .debug_macro   0x0000deed      0x120 ./drivers/fsl_gpio.o
 .debug_macro   0x0000e00d      0x120 ./drivers/fsl_i2c.o
 .debug_macro   0x0000e12d      0x121 ./drivers/fsl_lptmr.o
 .debug_macro   0x0000e24e      0x120 ./drivers/fsl_lpuart.o
 .debug_macro   0x0000e36e      0x120 ./drivers/fsl_spi.o
 .debug_macro   0x0000e48e       0x97 ./device/system_K32L2B31A.o
 .debug_macro   0x0000e525      0x17f ./component/uart/fsl_adapter_lpuart.o
 .debug_macro   0x0000e6a4       0x3a ./component/uart/fsl_adapter_lpuart.o
 .debug_macro   0x0000e6de      0x1cf ./component/serial_manager/fsl_component_serial_manager.o
 .debug_macro   0x0000e8ad       0x52 ./component/serial_manager/fsl_component_serial_manager.o
 .debug_macro   0x0000e8ff      0x19f ./component/serial_manager/fsl_component_serial_port_uart.o
 .debug_macro   0x0000ea9e      0x194 ./component/gpio/fsl_adapter_gpio.o
 .debug_macro   0x0000ec32       0x16 ./component/gpio/fsl_adapter_gpio.o
 .debug_macro   0x0000ec48      0x1e0 ./board/board.o
 .debug_macro   0x0000ee28       0x16 ./board/board.o
 .debug_macro   0x0000ee3e      0x146 ./board/clock_config.o
 .debug_macro   0x0000ef84      0x139 ./board/peripherals.o
 .debug_macro   0x0000f0bd      0x126 ./board/pin_mux.o

.debug_line     0x00000000     0xe134
 .debug_line    0x00000000      0x7db ./utilities/fsl_debug_console.o
 .debug_line    0x000007db      0x1ed ./startup/startup_k32l2b31a.o
 .debug_line    0x000009c8      0x740 ./source/K32L2B31A_Project.o
 .debug_line    0x00001108      0x89d ./source/modem.o
 .debug_line    0x000019a5       0xd1 ./source/mtb.o
 .debug_line    0x00001a76       0x59 ./source/semihost_hardfault.o
 .debug_line    0x00001acf      0x41d ./iot_sdk/iot_sdk_peripherals/botones.o
 .debug_line    0x00001eec      0x38d ./iot_sdk/iot_sdk_peripherals/leds.o
 .debug_line    0x00002279      0x42d ./iot_sdk/iot_sdk_peripherals/sensor_de_luz.o
 .debug_line    0x000026a6      0x44c ./iot_sdk/iot_sdk_peripherals/sensor_temperatura.o
 .debug_line    0x00002af2      0x3e5 ./iot_sdk/iot_sdk_irq/irq_lptmr0.o
 .debug_line    0x00002ed7      0x409 ./iot_sdk/iot_sdk_irq/irq_lpuart0.o
 .debug_line    0x000032e0      0x4ce ./freertos/freertos_kernel/portable/GCC/ARM_CM0/port.o
 .debug_line    0x000037ae      0x3df ./freertos/freertos_kernel/list.o
 .debug_line    0x00003b8d     0x1748 ./freertos/freertos_kernel/tasks.o
 .debug_line    0x000052d5      0x657 ./drivers/fsl_adc16.o
 .debug_line    0x0000592c      0x828 ./drivers/fsl_clock.o
 .debug_line    0x00006154      0x7c7 ./drivers/fsl_dma.o
 .debug_line    0x0000691b      0x6f1 ./drivers/fsl_flexio.o
 .debug_line    0x0000700c      0x4ac ./drivers/fsl_gpio.o
 .debug_line    0x000074b8     0x1389 ./drivers/fsl_i2c.o
 .debug_line    0x00008841      0x3ff ./drivers/fsl_lptmr.o
 .debug_line    0x00008c40      0xf6c ./drivers/fsl_lpuart.o
 .debug_line    0x00009bac      0xf31 ./drivers/fsl_spi.o
 .debug_line    0x0000aadd      0x2c1 ./device/system_K32L2B31A.o
 .debug_line    0x0000ad9e      0x5d6 ./component/uart/fsl_adapter_lpuart.o
 .debug_line    0x0000b374      0x845 ./component/serial_manager/fsl_component_serial_manager.o
 .debug_line    0x0000bbb9      0x5fe ./component/serial_manager/fsl_component_serial_port_uart.o
 .debug_line    0x0000c1b7      0xabc ./component/gpio/fsl_adapter_gpio.o
 .debug_line    0x0000cc73      0x5f6 ./board/board.o
 .debug_line    0x0000d269      0x3d9 ./board/clock_config.o
 .debug_line    0x0000d642      0x45d ./board/peripherals.o
 .debug_line    0x0000da9f      0x695 ./board/pin_mux.o

.debug_str      0x00000000    0x5efb3
 .debug_str     0x00000000    0x526da ./utilities/fsl_debug_console.o
                              0x5294a (size before relaxing)
 .debug_str     0x000526da      0x3a7 ./startup/startup_k32l2b31a.o
                               0x3112 (size before relaxing)
 .debug_str     0x00052a81     0x1bea ./source/K32L2B31A_Project.o
                              0x511a9 (size before relaxing)
 .debug_str     0x0005466b      0x455 ./source/modem.o
                              0x514fe (size before relaxing)
 .debug_str     0x00054ac0      0x532 ./source/mtb.o
                               0x321d (size before relaxing)
 .debug_str     0x00054ff2       0x1f ./source/semihost_hardfault.o
                               0x2d0a (size before relaxing)
 .debug_str     0x00055011       0xc5 ./iot_sdk/iot_sdk_peripherals/botones.o
                              0x4bee2 (size before relaxing)
 .debug_str     0x000550d6       0x6a ./iot_sdk/iot_sdk_peripherals/leds.o
                              0x4b361 (size before relaxing)
 .debug_str     0x00055140      0x203 ./iot_sdk/iot_sdk_peripherals/sensor_de_luz.o
                              0x4c04e (size before relaxing)
 .debug_str     0x00055343       0xc2 ./iot_sdk/iot_sdk_peripherals/sensor_temperatura.o
                              0x4c314 (size before relaxing)
 .debug_str     0x00055405       0x5a ./iot_sdk/iot_sdk_irq/irq_lptmr0.o
                              0x4be5b (size before relaxing)
 .debug_str     0x0005545f      0x27e ./iot_sdk/iot_sdk_irq/irq_lpuart0.o
                              0x4c07d (size before relaxing)
 .debug_str     0x000556dd      0x470 ./freertos/freertos_kernel/portable/GCC/ARM_CM0/port.o
                               0x9158 (size before relaxing)
 .debug_str     0x00055b4d      0x176 ./freertos/freertos_kernel/list.o
                               0x7c4d (size before relaxing)
 .debug_str     0x00055cc3     0x1c57 ./freertos/freertos_kernel/tasks.o
                               0xab76 (size before relaxing)
 .debug_str     0x0005791a      0xa28 ./drivers/fsl_adc16.o
                              0x4c747 (size before relaxing)
 .debug_str     0x00058342      0xc54 ./drivers/fsl_clock.o
                              0x4c9f5 (size before relaxing)
 .debug_str     0x00058f96      0x9d5 ./drivers/fsl_dma.o
                              0x4c7e5 (size before relaxing)
 .debug_str     0x0005996b     0x1345 ./drivers/fsl_flexio.o
                              0x4d15d (size before relaxing)
 .debug_str     0x0005acb0      0x165 ./drivers/fsl_gpio.o
                              0x4bd6c (size before relaxing)
 .debug_str     0x0005ae15      0xcb2 ./drivers/fsl_i2c.o
                              0x4cce4 (size before relaxing)
 .debug_str     0x0005bac7      0x4a6 ./drivers/fsl_lptmr.o
                              0x4c1cc (size before relaxing)
 .debug_str     0x0005bf6d      0xc85 ./drivers/fsl_lpuart.o
                              0x4cf0c (size before relaxing)
 .debug_str     0x0005cbf2      0xab4 ./drivers/fsl_spi.o
                              0x4cb5b (size before relaxing)
 .debug_str     0x0005d6a6       0x76 ./device/system_K32L2B31A.o
                              0x4a14c (size before relaxing)
 .debug_str     0x0005d71c      0x341 ./component/uart/fsl_adapter_lpuart.o
                              0x4f255 (size before relaxing)
 .debug_str     0x0005da5d      0x3fa ./component/serial_manager/fsl_component_serial_manager.o
                              0x4f10d (size before relaxing)
 .debug_str     0x0005de57      0x106 ./component/serial_manager/fsl_component_serial_port_uart.o
                              0x4eebe (size before relaxing)
 .debug_str     0x0005df5d      0x766 ./component/gpio/fsl_adapter_gpio.o
                              0x4f5fb (size before relaxing)
 .debug_str     0x0005e6c3       0x53 ./board/board.o
                              0x4fd78 (size before relaxing)
 .debug_str     0x0005e716      0x3aa ./board/clock_config.o
                              0x4c2dd (size before relaxing)